

================================================================
== Vivado HLS Report for 'conv_2d_cl_array_array_ap_fixed_4u_config5_s'
================================================================
* Date:           Wed Nov 10 01:07:24 2021

* Version:        2020.1 (Build 2897737 on Wed May 27 20:21:37 MDT 2020)
* Project:        myproject_prj
* Solution:       solution1
* Product family: zynq
* Target device:  xc7z020-clg400-1


================================================================
== Performance Estimates
================================================================
+ Timing: 
    * Summary: 
    +--------+----------+----------+------------+
    |  Clock |  Target  | Estimated| Uncertainty|
    +--------+----------+----------+------------+
    |ap_clk  | 10.00 ns | 8.493 ns |   1.25 ns  |
    +--------+----------+----------+------------+

+ Latency: 
    * Summary: 
    +---------+---------+-----------+-----------+------+---------+---------+
    |  Latency (cycles) |   Latency (absolute)  |    Interval    | Pipeline|
    |   min   |   max   |    min    |    max    |  min |   max   |   Type  |
    +---------+---------+-----------+-----------+------+---------+---------+
    |     2450|  2513700| 24.500 us | 25.137 ms |  2450|  2513700|   none  |
    +---------+---------+-----------+-----------+------+---------+---------+

    + Detail: 
        * Instance: 
        +-----------------------------------------------------------------+------------------------------------------------+---------+---------+----------+----------+-----+-----+----------+
        |                                                                 |                                                |  Latency (cycles) |  Latency (absolute) |  Interval | Pipeline |
        |                             Instance                            |                     Module                     |   min   |   max   |    min   |    max   | min | max |   Type   |
        +-----------------------------------------------------------------+------------------------------------------------+---------+---------+----------+----------+-----+-----+----------+
        |call_ret_shift_line_buffer_array_ap_fixed_32u_config5_s_fu_1664  |shift_line_buffer_array_ap_fixed_32u_config5_s  |        0|        0|   0 ns   |   0 ns   |    1|    1| function |
        +-----------------------------------------------------------------+------------------------------------------------+---------+---------+----------+----------+-----+-----+----------+

        * Loop: 
        +----------------------------------+---------+---------+----------+-----------+-----------+------+----------+
        |                                  |  Latency (cycles) | Iteration|  Initiation Interval  | Trip |          |
        |             Loop Name            |   min   |   max   |  Latency |  achieved |   target  | Count| Pipelined|
        +----------------------------------+---------+---------+----------+-----------+-----------+------+----------+
        |- ReadInputHeight_ReadInputWidth  |     2449|  2513699| 2 ~ 2052 |          -|          -|  1225|    no    |
        | + ReuseLoop                      |     2049|     2049|         3|          1|          1|  2048|    yes   |
        +----------------------------------+---------+---------+----------+-----------+-----------+------+----------+



================================================================
== Utilization Estimates
================================================================
* Summary: 
+-----------------+---------+-------+--------+-------+-----+
|       Name      | BRAM_18K| DSP48E|   FF   |  LUT  | URAM|
+-----------------+---------+-------+--------+-------+-----+
|DSP              |        -|      -|       -|      -|    -|
|Expression       |        -|      0|       0|    549|    -|
|FIFO             |        -|      -|       -|      -|    -|
|Instance         |        0|      -|    6145|   5486|    -|
|Memory           |        2|      -|       0|      0|    -|
|Multiplexer      |        -|      -|       -|    630|    -|
|Register         |        -|      -|    4603|      -|    -|
+-----------------+---------+-------+--------+-------+-----+
|Total            |        2|      0|   10748|   6665|    0|
+-----------------+---------+-------+--------+-------+-----+
|Available        |      280|    220|  106400|  53200|    0|
+-----------------+---------+-------+--------+-------+-----+
|Utilization (%)  |    ~0   |      0|      10|     12|    0|
+-----------------+---------+-------+--------+-------+-----+

+ Detail: 
    * Instance: 
    +-----------------------------------------------------------------+------------------------------------------------+---------+-------+------+------+-----+
    |                             Instance                            |                     Module                     | BRAM_18K| DSP48E|  FF  |  LUT | URAM|
    +-----------------------------------------------------------------+------------------------------------------------+---------+-------+------+------+-----+
    |myproject_axi_mux_42_14_1_1_U594                                 |myproject_axi_mux_42_14_1_1                     |        0|      0|     0|    55|    0|
    |myproject_axi_mux_5129_8_1_1_U593                                |myproject_axi_mux_5129_8_1_1                    |        0|      0|     0|    55|    0|
    |call_ret_shift_line_buffer_array_ap_fixed_32u_config5_s_fu_1664  |shift_line_buffer_array_ap_fixed_32u_config5_s  |        0|      0|  6145|  5376|    0|
    +-----------------------------------------------------------------+------------------------------------------------+---------+-------+------+------+-----+
    |Total                                                            |                                                |        0|      0|  6145|  5486|    0|
    +-----------------------------------------------------------------+------------------------------------------------+---------+-------+------+------+-----+

    * DSP48E: 
    N/A

    * Memory: 
    +-----------+------------------------------------------------------+---------+---+----+-----+------+-----+------+-------------+
    |   Memory  |                        Module                        | BRAM_18K| FF| LUT| URAM| Words| Bits| Banks| W*Bits*Banks|
    +-----------+------------------------------------------------------+---------+---+----+-----+------+-----+------+-------------+
    |outidx5_U  |conv_2d_cl_array_array_ap_fixed_4u_config5_s_outidx5  |        1|  0|   0|    0|  2048|    2|     1|         4096|
    |w5_V_U     |conv_2d_cl_array_array_ap_fixed_4u_config5_s_w5_V     |        1|  0|   0|    0|  2048|    7|     1|        14336|
    +-----------+------------------------------------------------------+---------+---+----+-----+------+-----+------+-------------+
    |Total      |                                                      |        2|  0|   0|    0|  4096|    9|     2|        18432|
    +-----------+------------------------------------------------------+---------+---+----+-----+------+-----+------+-------------+

    * FIFO: 
    N/A

    * Expression: 
    +----------------------------+----------+-------+---+----+------------+------------+
    |        Variable Name       | Operation| DSP48E| FF| LUT| Bitwidth P0| Bitwidth P1|
    +----------------------------+----------+-------+---+----+------------+------------+
    |r_V_fu_11140_p2             |     *    |      0|  0|  41|           8|           7|
    |acc_0_V_fu_11173_p2         |     +    |      0|  0|  19|          14|          14|
    |add_ln300_fu_11278_p2       |     +    |      0|  0|  39|          32|           1|
    |add_ln302_fu_11289_p2       |     +    |      0|  0|  39|          32|           1|
    |add_ln305_fu_11232_p2       |     +    |      0|  0|  39|          32|           1|
    |add_ln307_fu_11243_p2       |     +    |      0|  0|  39|          32|           1|
    |add_ln78_fu_9534_p2         |     +    |      0|  0|  13|          11|           1|
    |in_index_fu_11104_p2        |     +    |      0|  0|  39|          32|           1|
    |w_index_fu_9546_p2          |     +    |      0|  0|  13|           1|          11|
    |and_ln271_1_fu_9522_p2      |    and   |      0|  0|   2|           1|           1|
    |and_ln271_2_fu_9528_p2      |    and   |      0|  0|   2|           1|           1|
    |and_ln271_fu_9516_p2        |    and   |      0|  0|   2|           1|           1|
    |ap_block_state6             |    and   |      0|  0|   2|           1|           1|
    |ap_condition_1799           |    and   |      0|  0|   2|           1|           1|
    |ap_condition_4988           |    and   |      0|  0|   2|           1|           1|
    |io_acc_block_signal_op2064  |    and   |      0|  0|   2|           1|           1|
    |io_acc_block_signal_op48    |    and   |      0|  0|   2|           1|           1|
    |icmp_ln151_fu_9552_p2       |   icmp   |      0|  0|  13|          11|           2|
    |icmp_ln168_fu_11120_p2      |   icmp   |      0|  0|  18|          23|           1|
    |icmp_ln271_1_fu_9490_p2     |   icmp   |      0|  0|  18|          32|           2|
    |icmp_ln271_2_fu_9500_p2     |   icmp   |      0|  0|  18|          32|           2|
    |icmp_ln271_3_fu_9510_p2     |   icmp   |      0|  0|  18|          32|           2|
    |icmp_ln271_fu_9480_p2       |   icmp   |      0|  0|  18|          32|           2|
    |icmp_ln292_fu_11227_p2      |   icmp   |      0|  0|  18|          32|           6|
    |icmp_ln296_fu_11273_p2      |   icmp   |      0|  0|  18|          32|           6|
    |icmp_ln78_fu_11314_p2       |   icmp   |      0|  0|  13|          11|          11|
    |ap_block_state1             |    or    |      0|  0|   2|           1|           1|
    |select_ln168_fu_11126_p3    |  select  |      0|  0|  32|           1|           1|
    |select_ln302_fu_11294_p3    |  select  |      0|  0|  32|           1|           2|
    |select_ln307_fu_11248_p3    |  select  |      0|  0|  32|           1|           2|
    |ap_enable_pp0               |    xor   |      0|  0|   2|           1|           2|
    +----------------------------+----------+-------+---+----+------------+------------+
    |Total                       |          |      0|  0| 549|         444|          88|
    +----------------------------+----------+-------+---+----+------------+------------+

    * Multiplexer: 
    +--------------------------------------------------------------------------+----+-----------+-----+-----------+
    |                                   Name                                   | LUT| Input Size| Bits| Total Bits|
    +--------------------------------------------------------------------------+----+-----------+-----+-----------+
    |ap_NS_fsm                                                                 |  27|          5|    1|          5|
    |ap_done                                                                   |   9|          2|    1|          2|
    |ap_enable_reg_pp0_iter2                                                   |   9|          2|    1|          2|
    |ap_phi_mux_in_index_0_i_i_i_i28_phi_fu_1531_p4                            |   9|          2|   32|         64|
    |ap_phi_mux_p_Val2_11_phi_fu_1640_p8                                       |  15|          3|   14|         42|
    |ap_phi_mux_p_Val2_12_phi_fu_1622_p8                                       |  15|          3|   14|         42|
    |ap_phi_mux_p_Val2_13_phi_fu_1604_p8                                       |  15|          3|   14|         42|
    |ap_phi_mux_p_Val2_14_phi_fu_1586_p8                                       |  15|          3|   14|         42|
    |ap_phi_mux_storemerge_i_i_phi_fu_1657_p4                                  |  15|          3|   32|         96|
    |ap_phi_mux_w_index27_phi_fu_1520_p4                                       |   9|          2|   11|         22|
    |call_ret_shift_line_buffer_array_ap_fixed_32u_config5_s_fu_1664_ap_start  |   9|          2|    1|          2|
    |data_V_data_0_V_blk_n                                                     |   9|          2|    1|          2|
    |data_V_data_10_V_blk_n                                                    |   9|          2|    1|          2|
    |data_V_data_11_V_blk_n                                                    |   9|          2|    1|          2|
    |data_V_data_12_V_blk_n                                                    |   9|          2|    1|          2|
    |data_V_data_13_V_blk_n                                                    |   9|          2|    1|          2|
    |data_V_data_14_V_blk_n                                                    |   9|          2|    1|          2|
    |data_V_data_15_V_blk_n                                                    |   9|          2|    1|          2|
    |data_V_data_16_V_blk_n                                                    |   9|          2|    1|          2|
    |data_V_data_17_V_blk_n                                                    |   9|          2|    1|          2|
    |data_V_data_18_V_blk_n                                                    |   9|          2|    1|          2|
    |data_V_data_19_V_blk_n                                                    |   9|          2|    1|          2|
    |data_V_data_1_V_blk_n                                                     |   9|          2|    1|          2|
    |data_V_data_20_V_blk_n                                                    |   9|          2|    1|          2|
    |data_V_data_21_V_blk_n                                                    |   9|          2|    1|          2|
    |data_V_data_22_V_blk_n                                                    |   9|          2|    1|          2|
    |data_V_data_23_V_blk_n                                                    |   9|          2|    1|          2|
    |data_V_data_24_V_blk_n                                                    |   9|          2|    1|          2|
    |data_V_data_25_V_blk_n                                                    |   9|          2|    1|          2|
    |data_V_data_26_V_blk_n                                                    |   9|          2|    1|          2|
    |data_V_data_27_V_blk_n                                                    |   9|          2|    1|          2|
    |data_V_data_28_V_blk_n                                                    |   9|          2|    1|          2|
    |data_V_data_29_V_blk_n                                                    |   9|          2|    1|          2|
    |data_V_data_2_V_blk_n                                                     |   9|          2|    1|          2|
    |data_V_data_30_V_blk_n                                                    |   9|          2|    1|          2|
    |data_V_data_31_V_blk_n                                                    |   9|          2|    1|          2|
    |data_V_data_3_V_blk_n                                                     |   9|          2|    1|          2|
    |data_V_data_4_V_blk_n                                                     |   9|          2|    1|          2|
    |data_V_data_5_V_blk_n                                                     |   9|          2|    1|          2|
    |data_V_data_6_V_blk_n                                                     |   9|          2|    1|          2|
    |data_V_data_7_V_blk_n                                                     |   9|          2|    1|          2|
    |data_V_data_8_V_blk_n                                                     |   9|          2|    1|          2|
    |data_V_data_9_V_blk_n                                                     |   9|          2|    1|          2|
    |in_index_0_i_i_i_i28_reg_1527                                             |   9|          2|   32|         64|
    |indvar_flatten29_reg_1504                                                 |   9|          2|   11|         22|
    |pX_1                                                                      |   9|          2|   32|         64|
    |pY_1                                                                      |   9|          2|   32|         64|
    |p_Val2_1124_reg_1549                                                      |   9|          2|   14|         28|
    |p_Val2_11_reg_1636                                                        |  15|          3|   14|         42|
    |p_Val2_1222_reg_1560                                                      |   9|          2|   14|         28|
    |p_Val2_12_reg_1618                                                        |  15|          3|   14|         42|
    |p_Val2_1320_reg_1571                                                      |   9|          2|   14|         28|
    |p_Val2_13_reg_1600                                                        |  15|          3|   14|         42|
    |p_Val2_14_reg_1582                                                        |  15|          3|   14|         42|
    |p_Val2_26_reg_1538                                                        |   9|          2|   14|         28|
    |real_start                                                                |   9|          2|    1|          2|
    |res_V_data_0_V_blk_n                                                      |   9|          2|    1|          2|
    |res_V_data_1_V_blk_n                                                      |   9|          2|    1|          2|
    |res_V_data_2_V_blk_n                                                      |   9|          2|    1|          2|
    |res_V_data_3_V_blk_n                                                      |   9|          2|    1|          2|
    |sX_1                                                                      |   9|          2|   32|         64|
    |w_index27_reg_1516                                                        |   9|          2|   11|         22|
    +--------------------------------------------------------------------------+----+-----------+-----+-----------+
    |Total                                                                     | 630|        136|  434|       1015|
    +--------------------------------------------------------------------------+----+-----------+-----+-----------+

    * Register: 
    +------------------------------------------------------------------------------+----+----+-----+-----------+
    |                                     Name                                     | FF | LUT| Bits| Const Bits|
    +------------------------------------------------------------------------------+----+----+-----+-----------+
    |add_ln78_reg_11356                                                            |  11|   0|   11|          0|
    |and_ln271_2_reg_11352                                                         |   1|   0|    1|          0|
    |ap_CS_fsm                                                                     |   4|   0|    4|          0|
    |ap_done_reg                                                                   |   1|   0|    1|          0|
    |ap_enable_reg_pp0_iter0                                                       |   1|   0|    1|          0|
    |ap_enable_reg_pp0_iter1                                                       |   1|   0|    1|          0|
    |ap_enable_reg_pp0_iter2                                                       |   1|   0|    1|          0|
    |call_ret_shift_line_buffer_array_ap_fixed_32u_config5_s_fu_1664_ap_start_reg  |   0|   0|    1|          1|
    |icmp_ln151_reg_11376                                                          |   1|   0|    1|          0|
    |icmp_ln151_reg_11376_pp0_iter1_reg                                            |   1|   0|    1|          0|
    |icmp_ln271_1_reg_11335                                                        |   1|   0|    1|          0|
    |icmp_ln271_reg_11325                                                          |   1|   0|    1|          0|
    |in_index_0_i_i_i_i28_reg_1527                                                 |  32|   0|   32|          0|
    |indvar_flatten29_reg_1504                                                     |  11|   0|   11|          0|
    |kernel_data_V_3_0                                                             |   8|   0|    8|          0|
    |kernel_data_V_3_1                                                             |   8|   0|    8|          0|
    |kernel_data_V_3_10                                                            |   8|   0|    8|          0|
    |kernel_data_V_3_100                                                           |   8|   0|    8|          0|
    |kernel_data_V_3_101                                                           |   8|   0|    8|          0|
    |kernel_data_V_3_102                                                           |   8|   0|    8|          0|
    |kernel_data_V_3_103                                                           |   8|   0|    8|          0|
    |kernel_data_V_3_104                                                           |   8|   0|    8|          0|
    |kernel_data_V_3_105                                                           |   8|   0|    8|          0|
    |kernel_data_V_3_106                                                           |   8|   0|    8|          0|
    |kernel_data_V_3_107                                                           |   8|   0|    8|          0|
    |kernel_data_V_3_108                                                           |   8|   0|    8|          0|
    |kernel_data_V_3_109                                                           |   8|   0|    8|          0|
    |kernel_data_V_3_11                                                            |   8|   0|    8|          0|
    |kernel_data_V_3_110                                                           |   8|   0|    8|          0|
    |kernel_data_V_3_111                                                           |   8|   0|    8|          0|
    |kernel_data_V_3_112                                                           |   8|   0|    8|          0|
    |kernel_data_V_3_113                                                           |   8|   0|    8|          0|
    |kernel_data_V_3_114                                                           |   8|   0|    8|          0|
    |kernel_data_V_3_115                                                           |   8|   0|    8|          0|
    |kernel_data_V_3_116                                                           |   8|   0|    8|          0|
    |kernel_data_V_3_117                                                           |   8|   0|    8|          0|
    |kernel_data_V_3_118                                                           |   8|   0|    8|          0|
    |kernel_data_V_3_119                                                           |   8|   0|    8|          0|
    |kernel_data_V_3_12                                                            |   8|   0|    8|          0|
    |kernel_data_V_3_120                                                           |   8|   0|    8|          0|
    |kernel_data_V_3_121                                                           |   8|   0|    8|          0|
    |kernel_data_V_3_122                                                           |   8|   0|    8|          0|
    |kernel_data_V_3_123                                                           |   8|   0|    8|          0|
    |kernel_data_V_3_124                                                           |   8|   0|    8|          0|
    |kernel_data_V_3_125                                                           |   8|   0|    8|          0|
    |kernel_data_V_3_126                                                           |   8|   0|    8|          0|
    |kernel_data_V_3_127                                                           |   8|   0|    8|          0|
    |kernel_data_V_3_128                                                           |   8|   0|    8|          0|
    |kernel_data_V_3_129                                                           |   8|   0|    8|          0|
    |kernel_data_V_3_13                                                            |   8|   0|    8|          0|
    |kernel_data_V_3_130                                                           |   8|   0|    8|          0|
    |kernel_data_V_3_131                                                           |   8|   0|    8|          0|
    |kernel_data_V_3_132                                                           |   8|   0|    8|          0|
    |kernel_data_V_3_133                                                           |   8|   0|    8|          0|
    |kernel_data_V_3_134                                                           |   8|   0|    8|          0|
    |kernel_data_V_3_135                                                           |   8|   0|    8|          0|
    |kernel_data_V_3_136                                                           |   8|   0|    8|          0|
    |kernel_data_V_3_137                                                           |   8|   0|    8|          0|
    |kernel_data_V_3_138                                                           |   8|   0|    8|          0|
    |kernel_data_V_3_139                                                           |   8|   0|    8|          0|
    |kernel_data_V_3_14                                                            |   8|   0|    8|          0|
    |kernel_data_V_3_140                                                           |   8|   0|    8|          0|
    |kernel_data_V_3_141                                                           |   8|   0|    8|          0|
    |kernel_data_V_3_142                                                           |   8|   0|    8|          0|
    |kernel_data_V_3_143                                                           |   8|   0|    8|          0|
    |kernel_data_V_3_144                                                           |   8|   0|    8|          0|
    |kernel_data_V_3_145                                                           |   8|   0|    8|          0|
    |kernel_data_V_3_146                                                           |   8|   0|    8|          0|
    |kernel_data_V_3_147                                                           |   8|   0|    8|          0|
    |kernel_data_V_3_148                                                           |   8|   0|    8|          0|
    |kernel_data_V_3_149                                                           |   8|   0|    8|          0|
    |kernel_data_V_3_15                                                            |   8|   0|    8|          0|
    |kernel_data_V_3_150                                                           |   8|   0|    8|          0|
    |kernel_data_V_3_151                                                           |   8|   0|    8|          0|
    |kernel_data_V_3_152                                                           |   8|   0|    8|          0|
    |kernel_data_V_3_153                                                           |   8|   0|    8|          0|
    |kernel_data_V_3_154                                                           |   8|   0|    8|          0|
    |kernel_data_V_3_155                                                           |   8|   0|    8|          0|
    |kernel_data_V_3_156                                                           |   8|   0|    8|          0|
    |kernel_data_V_3_157                                                           |   8|   0|    8|          0|
    |kernel_data_V_3_158                                                           |   8|   0|    8|          0|
    |kernel_data_V_3_159                                                           |   8|   0|    8|          0|
    |kernel_data_V_3_16                                                            |   8|   0|    8|          0|
    |kernel_data_V_3_160                                                           |   8|   0|    8|          0|
    |kernel_data_V_3_161                                                           |   8|   0|    8|          0|
    |kernel_data_V_3_162                                                           |   8|   0|    8|          0|
    |kernel_data_V_3_163                                                           |   8|   0|    8|          0|
    |kernel_data_V_3_164                                                           |   8|   0|    8|          0|
    |kernel_data_V_3_165                                                           |   8|   0|    8|          0|
    |kernel_data_V_3_166                                                           |   8|   0|    8|          0|
    |kernel_data_V_3_167                                                           |   8|   0|    8|          0|
    |kernel_data_V_3_168                                                           |   8|   0|    8|          0|
    |kernel_data_V_3_169                                                           |   8|   0|    8|          0|
    |kernel_data_V_3_17                                                            |   8|   0|    8|          0|
    |kernel_data_V_3_170                                                           |   8|   0|    8|          0|
    |kernel_data_V_3_171                                                           |   8|   0|    8|          0|
    |kernel_data_V_3_172                                                           |   8|   0|    8|          0|
    |kernel_data_V_3_173                                                           |   8|   0|    8|          0|
    |kernel_data_V_3_174                                                           |   8|   0|    8|          0|
    |kernel_data_V_3_175                                                           |   8|   0|    8|          0|
    |kernel_data_V_3_176                                                           |   8|   0|    8|          0|
    |kernel_data_V_3_177                                                           |   8|   0|    8|          0|
    |kernel_data_V_3_178                                                           |   8|   0|    8|          0|
    |kernel_data_V_3_179                                                           |   8|   0|    8|          0|
    |kernel_data_V_3_18                                                            |   8|   0|    8|          0|
    |kernel_data_V_3_180                                                           |   8|   0|    8|          0|
    |kernel_data_V_3_181                                                           |   8|   0|    8|          0|
    |kernel_data_V_3_182                                                           |   8|   0|    8|          0|
    |kernel_data_V_3_183                                                           |   8|   0|    8|          0|
    |kernel_data_V_3_184                                                           |   8|   0|    8|          0|
    |kernel_data_V_3_185                                                           |   8|   0|    8|          0|
    |kernel_data_V_3_186                                                           |   8|   0|    8|          0|
    |kernel_data_V_3_187                                                           |   8|   0|    8|          0|
    |kernel_data_V_3_188                                                           |   8|   0|    8|          0|
    |kernel_data_V_3_189                                                           |   8|   0|    8|          0|
    |kernel_data_V_3_19                                                            |   8|   0|    8|          0|
    |kernel_data_V_3_190                                                           |   8|   0|    8|          0|
    |kernel_data_V_3_191                                                           |   8|   0|    8|          0|
    |kernel_data_V_3_192                                                           |   8|   0|    8|          0|
    |kernel_data_V_3_193                                                           |   8|   0|    8|          0|
    |kernel_data_V_3_194                                                           |   8|   0|    8|          0|
    |kernel_data_V_3_195                                                           |   8|   0|    8|          0|
    |kernel_data_V_3_196                                                           |   8|   0|    8|          0|
    |kernel_data_V_3_197                                                           |   8|   0|    8|          0|
    |kernel_data_V_3_198                                                           |   8|   0|    8|          0|
    |kernel_data_V_3_199                                                           |   8|   0|    8|          0|
    |kernel_data_V_3_2                                                             |   8|   0|    8|          0|
    |kernel_data_V_3_20                                                            |   8|   0|    8|          0|
    |kernel_data_V_3_200                                                           |   8|   0|    8|          0|
    |kernel_data_V_3_201                                                           |   8|   0|    8|          0|
    |kernel_data_V_3_202                                                           |   8|   0|    8|          0|
    |kernel_data_V_3_203                                                           |   8|   0|    8|          0|
    |kernel_data_V_3_204                                                           |   8|   0|    8|          0|
    |kernel_data_V_3_205                                                           |   8|   0|    8|          0|
    |kernel_data_V_3_206                                                           |   8|   0|    8|          0|
    |kernel_data_V_3_207                                                           |   8|   0|    8|          0|
    |kernel_data_V_3_208                                                           |   8|   0|    8|          0|
    |kernel_data_V_3_209                                                           |   8|   0|    8|          0|
    |kernel_data_V_3_21                                                            |   8|   0|    8|          0|
    |kernel_data_V_3_210                                                           |   8|   0|    8|          0|
    |kernel_data_V_3_211                                                           |   8|   0|    8|          0|
    |kernel_data_V_3_212                                                           |   8|   0|    8|          0|
    |kernel_data_V_3_213                                                           |   8|   0|    8|          0|
    |kernel_data_V_3_214                                                           |   8|   0|    8|          0|
    |kernel_data_V_3_215                                                           |   8|   0|    8|          0|
    |kernel_data_V_3_216                                                           |   8|   0|    8|          0|
    |kernel_data_V_3_217                                                           |   8|   0|    8|          0|
    |kernel_data_V_3_218                                                           |   8|   0|    8|          0|
    |kernel_data_V_3_219                                                           |   8|   0|    8|          0|
    |kernel_data_V_3_22                                                            |   8|   0|    8|          0|
    |kernel_data_V_3_220                                                           |   8|   0|    8|          0|
    |kernel_data_V_3_221                                                           |   8|   0|    8|          0|
    |kernel_data_V_3_222                                                           |   8|   0|    8|          0|
    |kernel_data_V_3_223                                                           |   8|   0|    8|          0|
    |kernel_data_V_3_224                                                           |   8|   0|    8|          0|
    |kernel_data_V_3_225                                                           |   8|   0|    8|          0|
    |kernel_data_V_3_226                                                           |   8|   0|    8|          0|
    |kernel_data_V_3_227                                                           |   8|   0|    8|          0|
    |kernel_data_V_3_228                                                           |   8|   0|    8|          0|
    |kernel_data_V_3_229                                                           |   8|   0|    8|          0|
    |kernel_data_V_3_23                                                            |   8|   0|    8|          0|
    |kernel_data_V_3_230                                                           |   8|   0|    8|          0|
    |kernel_data_V_3_231                                                           |   8|   0|    8|          0|
    |kernel_data_V_3_232                                                           |   8|   0|    8|          0|
    |kernel_data_V_3_233                                                           |   8|   0|    8|          0|
    |kernel_data_V_3_234                                                           |   8|   0|    8|          0|
    |kernel_data_V_3_235                                                           |   8|   0|    8|          0|
    |kernel_data_V_3_236                                                           |   8|   0|    8|          0|
    |kernel_data_V_3_237                                                           |   8|   0|    8|          0|
    |kernel_data_V_3_238                                                           |   8|   0|    8|          0|
    |kernel_data_V_3_239                                                           |   8|   0|    8|          0|
    |kernel_data_V_3_24                                                            |   8|   0|    8|          0|
    |kernel_data_V_3_240                                                           |   8|   0|    8|          0|
    |kernel_data_V_3_241                                                           |   8|   0|    8|          0|
    |kernel_data_V_3_242                                                           |   8|   0|    8|          0|
    |kernel_data_V_3_243                                                           |   8|   0|    8|          0|
    |kernel_data_V_3_244                                                           |   8|   0|    8|          0|
    |kernel_data_V_3_245                                                           |   8|   0|    8|          0|
    |kernel_data_V_3_246                                                           |   8|   0|    8|          0|
    |kernel_data_V_3_247                                                           |   8|   0|    8|          0|
    |kernel_data_V_3_248                                                           |   8|   0|    8|          0|
    |kernel_data_V_3_249                                                           |   8|   0|    8|          0|
    |kernel_data_V_3_25                                                            |   8|   0|    8|          0|
    |kernel_data_V_3_250                                                           |   8|   0|    8|          0|
    |kernel_data_V_3_251                                                           |   8|   0|    8|          0|
    |kernel_data_V_3_252                                                           |   8|   0|    8|          0|
    |kernel_data_V_3_253                                                           |   8|   0|    8|          0|
    |kernel_data_V_3_254                                                           |   8|   0|    8|          0|
    |kernel_data_V_3_255                                                           |   8|   0|    8|          0|
    |kernel_data_V_3_256                                                           |   8|   0|    8|          0|
    |kernel_data_V_3_257                                                           |   8|   0|    8|          0|
    |kernel_data_V_3_258                                                           |   8|   0|    8|          0|
    |kernel_data_V_3_259                                                           |   8|   0|    8|          0|
    |kernel_data_V_3_26                                                            |   8|   0|    8|          0|
    |kernel_data_V_3_260                                                           |   8|   0|    8|          0|
    |kernel_data_V_3_261                                                           |   8|   0|    8|          0|
    |kernel_data_V_3_262                                                           |   8|   0|    8|          0|
    |kernel_data_V_3_263                                                           |   8|   0|    8|          0|
    |kernel_data_V_3_264                                                           |   8|   0|    8|          0|
    |kernel_data_V_3_265                                                           |   8|   0|    8|          0|
    |kernel_data_V_3_266                                                           |   8|   0|    8|          0|
    |kernel_data_V_3_267                                                           |   8|   0|    8|          0|
    |kernel_data_V_3_268                                                           |   8|   0|    8|          0|
    |kernel_data_V_3_269                                                           |   8|   0|    8|          0|
    |kernel_data_V_3_27                                                            |   8|   0|    8|          0|
    |kernel_data_V_3_270                                                           |   8|   0|    8|          0|
    |kernel_data_V_3_271                                                           |   8|   0|    8|          0|
    |kernel_data_V_3_272                                                           |   8|   0|    8|          0|
    |kernel_data_V_3_273                                                           |   8|   0|    8|          0|
    |kernel_data_V_3_274                                                           |   8|   0|    8|          0|
    |kernel_data_V_3_275                                                           |   8|   0|    8|          0|
    |kernel_data_V_3_276                                                           |   8|   0|    8|          0|
    |kernel_data_V_3_277                                                           |   8|   0|    8|          0|
    |kernel_data_V_3_278                                                           |   8|   0|    8|          0|
    |kernel_data_V_3_279                                                           |   8|   0|    8|          0|
    |kernel_data_V_3_28                                                            |   8|   0|    8|          0|
    |kernel_data_V_3_280                                                           |   8|   0|    8|          0|
    |kernel_data_V_3_281                                                           |   8|   0|    8|          0|
    |kernel_data_V_3_282                                                           |   8|   0|    8|          0|
    |kernel_data_V_3_283                                                           |   8|   0|    8|          0|
    |kernel_data_V_3_284                                                           |   8|   0|    8|          0|
    |kernel_data_V_3_285                                                           |   8|   0|    8|          0|
    |kernel_data_V_3_286                                                           |   8|   0|    8|          0|
    |kernel_data_V_3_287                                                           |   8|   0|    8|          0|
    |kernel_data_V_3_288                                                           |   8|   0|    8|          0|
    |kernel_data_V_3_289                                                           |   8|   0|    8|          0|
    |kernel_data_V_3_29                                                            |   8|   0|    8|          0|
    |kernel_data_V_3_290                                                           |   8|   0|    8|          0|
    |kernel_data_V_3_291                                                           |   8|   0|    8|          0|
    |kernel_data_V_3_292                                                           |   8|   0|    8|          0|
    |kernel_data_V_3_293                                                           |   8|   0|    8|          0|
    |kernel_data_V_3_294                                                           |   8|   0|    8|          0|
    |kernel_data_V_3_295                                                           |   8|   0|    8|          0|
    |kernel_data_V_3_296                                                           |   8|   0|    8|          0|
    |kernel_data_V_3_297                                                           |   8|   0|    8|          0|
    |kernel_data_V_3_298                                                           |   8|   0|    8|          0|
    |kernel_data_V_3_299                                                           |   8|   0|    8|          0|
    |kernel_data_V_3_3                                                             |   8|   0|    8|          0|
    |kernel_data_V_3_30                                                            |   8|   0|    8|          0|
    |kernel_data_V_3_300                                                           |   8|   0|    8|          0|
    |kernel_data_V_3_301                                                           |   8|   0|    8|          0|
    |kernel_data_V_3_302                                                           |   8|   0|    8|          0|
    |kernel_data_V_3_303                                                           |   8|   0|    8|          0|
    |kernel_data_V_3_304                                                           |   8|   0|    8|          0|
    |kernel_data_V_3_305                                                           |   8|   0|    8|          0|
    |kernel_data_V_3_306                                                           |   8|   0|    8|          0|
    |kernel_data_V_3_307                                                           |   8|   0|    8|          0|
    |kernel_data_V_3_308                                                           |   8|   0|    8|          0|
    |kernel_data_V_3_309                                                           |   8|   0|    8|          0|
    |kernel_data_V_3_31                                                            |   8|   0|    8|          0|
    |kernel_data_V_3_310                                                           |   8|   0|    8|          0|
    |kernel_data_V_3_311                                                           |   8|   0|    8|          0|
    |kernel_data_V_3_312                                                           |   8|   0|    8|          0|
    |kernel_data_V_3_313                                                           |   8|   0|    8|          0|
    |kernel_data_V_3_314                                                           |   8|   0|    8|          0|
    |kernel_data_V_3_315                                                           |   8|   0|    8|          0|
    |kernel_data_V_3_316                                                           |   8|   0|    8|          0|
    |kernel_data_V_3_317                                                           |   8|   0|    8|          0|
    |kernel_data_V_3_318                                                           |   8|   0|    8|          0|
    |kernel_data_V_3_319                                                           |   8|   0|    8|          0|
    |kernel_data_V_3_32                                                            |   8|   0|    8|          0|
    |kernel_data_V_3_320                                                           |   8|   0|    8|          0|
    |kernel_data_V_3_321                                                           |   8|   0|    8|          0|
    |kernel_data_V_3_322                                                           |   8|   0|    8|          0|
    |kernel_data_V_3_323                                                           |   8|   0|    8|          0|
    |kernel_data_V_3_324                                                           |   8|   0|    8|          0|
    |kernel_data_V_3_325                                                           |   8|   0|    8|          0|
    |kernel_data_V_3_326                                                           |   8|   0|    8|          0|
    |kernel_data_V_3_327                                                           |   8|   0|    8|          0|
    |kernel_data_V_3_328                                                           |   8|   0|    8|          0|
    |kernel_data_V_3_329                                                           |   8|   0|    8|          0|
    |kernel_data_V_3_33                                                            |   8|   0|    8|          0|
    |kernel_data_V_3_330                                                           |   8|   0|    8|          0|
    |kernel_data_V_3_331                                                           |   8|   0|    8|          0|
    |kernel_data_V_3_332                                                           |   8|   0|    8|          0|
    |kernel_data_V_3_333                                                           |   8|   0|    8|          0|
    |kernel_data_V_3_334                                                           |   8|   0|    8|          0|
    |kernel_data_V_3_335                                                           |   8|   0|    8|          0|
    |kernel_data_V_3_336                                                           |   8|   0|    8|          0|
    |kernel_data_V_3_337                                                           |   8|   0|    8|          0|
    |kernel_data_V_3_338                                                           |   8|   0|    8|          0|
    |kernel_data_V_3_339                                                           |   8|   0|    8|          0|
    |kernel_data_V_3_34                                                            |   8|   0|    8|          0|
    |kernel_data_V_3_340                                                           |   8|   0|    8|          0|
    |kernel_data_V_3_341                                                           |   8|   0|    8|          0|
    |kernel_data_V_3_342                                                           |   8|   0|    8|          0|
    |kernel_data_V_3_343                                                           |   8|   0|    8|          0|
    |kernel_data_V_3_344                                                           |   8|   0|    8|          0|
    |kernel_data_V_3_345                                                           |   8|   0|    8|          0|
    |kernel_data_V_3_346                                                           |   8|   0|    8|          0|
    |kernel_data_V_3_347                                                           |   8|   0|    8|          0|
    |kernel_data_V_3_348                                                           |   8|   0|    8|          0|
    |kernel_data_V_3_349                                                           |   8|   0|    8|          0|
    |kernel_data_V_3_35                                                            |   8|   0|    8|          0|
    |kernel_data_V_3_350                                                           |   8|   0|    8|          0|
    |kernel_data_V_3_351                                                           |   8|   0|    8|          0|
    |kernel_data_V_3_352                                                           |   8|   0|    8|          0|
    |kernel_data_V_3_353                                                           |   8|   0|    8|          0|
    |kernel_data_V_3_354                                                           |   8|   0|    8|          0|
    |kernel_data_V_3_355                                                           |   8|   0|    8|          0|
    |kernel_data_V_3_356                                                           |   8|   0|    8|          0|
    |kernel_data_V_3_357                                                           |   8|   0|    8|          0|
    |kernel_data_V_3_358                                                           |   8|   0|    8|          0|
    |kernel_data_V_3_359                                                           |   8|   0|    8|          0|
    |kernel_data_V_3_36                                                            |   8|   0|    8|          0|
    |kernel_data_V_3_360                                                           |   8|   0|    8|          0|
    |kernel_data_V_3_361                                                           |   8|   0|    8|          0|
    |kernel_data_V_3_362                                                           |   8|   0|    8|          0|
    |kernel_data_V_3_363                                                           |   8|   0|    8|          0|
    |kernel_data_V_3_364                                                           |   8|   0|    8|          0|
    |kernel_data_V_3_365                                                           |   8|   0|    8|          0|
    |kernel_data_V_3_366                                                           |   8|   0|    8|          0|
    |kernel_data_V_3_367                                                           |   8|   0|    8|          0|
    |kernel_data_V_3_368                                                           |   8|   0|    8|          0|
    |kernel_data_V_3_369                                                           |   8|   0|    8|          0|
    |kernel_data_V_3_37                                                            |   8|   0|    8|          0|
    |kernel_data_V_3_370                                                           |   8|   0|    8|          0|
    |kernel_data_V_3_371                                                           |   8|   0|    8|          0|
    |kernel_data_V_3_372                                                           |   8|   0|    8|          0|
    |kernel_data_V_3_373                                                           |   8|   0|    8|          0|
    |kernel_data_V_3_374                                                           |   8|   0|    8|          0|
    |kernel_data_V_3_375                                                           |   8|   0|    8|          0|
    |kernel_data_V_3_376                                                           |   8|   0|    8|          0|
    |kernel_data_V_3_377                                                           |   8|   0|    8|          0|
    |kernel_data_V_3_378                                                           |   8|   0|    8|          0|
    |kernel_data_V_3_379                                                           |   8|   0|    8|          0|
    |kernel_data_V_3_38                                                            |   8|   0|    8|          0|
    |kernel_data_V_3_380                                                           |   8|   0|    8|          0|
    |kernel_data_V_3_381                                                           |   8|   0|    8|          0|
    |kernel_data_V_3_382                                                           |   8|   0|    8|          0|
    |kernel_data_V_3_383                                                           |   8|   0|    8|          0|
    |kernel_data_V_3_384                                                           |   8|   0|    8|          0|
    |kernel_data_V_3_385                                                           |   8|   0|    8|          0|
    |kernel_data_V_3_386                                                           |   8|   0|    8|          0|
    |kernel_data_V_3_387                                                           |   8|   0|    8|          0|
    |kernel_data_V_3_388                                                           |   8|   0|    8|          0|
    |kernel_data_V_3_389                                                           |   8|   0|    8|          0|
    |kernel_data_V_3_39                                                            |   8|   0|    8|          0|
    |kernel_data_V_3_390                                                           |   8|   0|    8|          0|
    |kernel_data_V_3_391                                                           |   8|   0|    8|          0|
    |kernel_data_V_3_392                                                           |   8|   0|    8|          0|
    |kernel_data_V_3_393                                                           |   8|   0|    8|          0|
    |kernel_data_V_3_394                                                           |   8|   0|    8|          0|
    |kernel_data_V_3_395                                                           |   8|   0|    8|          0|
    |kernel_data_V_3_396                                                           |   8|   0|    8|          0|
    |kernel_data_V_3_397                                                           |   8|   0|    8|          0|
    |kernel_data_V_3_398                                                           |   8|   0|    8|          0|
    |kernel_data_V_3_399                                                           |   8|   0|    8|          0|
    |kernel_data_V_3_4                                                             |   8|   0|    8|          0|
    |kernel_data_V_3_40                                                            |   8|   0|    8|          0|
    |kernel_data_V_3_400                                                           |   8|   0|    8|          0|
    |kernel_data_V_3_401                                                           |   8|   0|    8|          0|
    |kernel_data_V_3_402                                                           |   8|   0|    8|          0|
    |kernel_data_V_3_403                                                           |   8|   0|    8|          0|
    |kernel_data_V_3_404                                                           |   8|   0|    8|          0|
    |kernel_data_V_3_405                                                           |   8|   0|    8|          0|
    |kernel_data_V_3_406                                                           |   8|   0|    8|          0|
    |kernel_data_V_3_407                                                           |   8|   0|    8|          0|
    |kernel_data_V_3_408                                                           |   8|   0|    8|          0|
    |kernel_data_V_3_409                                                           |   8|   0|    8|          0|
    |kernel_data_V_3_41                                                            |   8|   0|    8|          0|
    |kernel_data_V_3_410                                                           |   8|   0|    8|          0|
    |kernel_data_V_3_411                                                           |   8|   0|    8|          0|
    |kernel_data_V_3_412                                                           |   8|   0|    8|          0|
    |kernel_data_V_3_413                                                           |   8|   0|    8|          0|
    |kernel_data_V_3_414                                                           |   8|   0|    8|          0|
    |kernel_data_V_3_415                                                           |   8|   0|    8|          0|
    |kernel_data_V_3_416                                                           |   8|   0|    8|          0|
    |kernel_data_V_3_417                                                           |   8|   0|    8|          0|
    |kernel_data_V_3_418                                                           |   8|   0|    8|          0|
    |kernel_data_V_3_419                                                           |   8|   0|    8|          0|
    |kernel_data_V_3_42                                                            |   8|   0|    8|          0|
    |kernel_data_V_3_420                                                           |   8|   0|    8|          0|
    |kernel_data_V_3_421                                                           |   8|   0|    8|          0|
    |kernel_data_V_3_422                                                           |   8|   0|    8|          0|
    |kernel_data_V_3_423                                                           |   8|   0|    8|          0|
    |kernel_data_V_3_424                                                           |   8|   0|    8|          0|
    |kernel_data_V_3_425                                                           |   8|   0|    8|          0|
    |kernel_data_V_3_426                                                           |   8|   0|    8|          0|
    |kernel_data_V_3_427                                                           |   8|   0|    8|          0|
    |kernel_data_V_3_428                                                           |   8|   0|    8|          0|
    |kernel_data_V_3_429                                                           |   8|   0|    8|          0|
    |kernel_data_V_3_43                                                            |   8|   0|    8|          0|
    |kernel_data_V_3_430                                                           |   8|   0|    8|          0|
    |kernel_data_V_3_431                                                           |   8|   0|    8|          0|
    |kernel_data_V_3_432                                                           |   8|   0|    8|          0|
    |kernel_data_V_3_433                                                           |   8|   0|    8|          0|
    |kernel_data_V_3_434                                                           |   8|   0|    8|          0|
    |kernel_data_V_3_435                                                           |   8|   0|    8|          0|
    |kernel_data_V_3_436                                                           |   8|   0|    8|          0|
    |kernel_data_V_3_437                                                           |   8|   0|    8|          0|
    |kernel_data_V_3_438                                                           |   8|   0|    8|          0|
    |kernel_data_V_3_439                                                           |   8|   0|    8|          0|
    |kernel_data_V_3_44                                                            |   8|   0|    8|          0|
    |kernel_data_V_3_440                                                           |   8|   0|    8|          0|
    |kernel_data_V_3_441                                                           |   8|   0|    8|          0|
    |kernel_data_V_3_442                                                           |   8|   0|    8|          0|
    |kernel_data_V_3_443                                                           |   8|   0|    8|          0|
    |kernel_data_V_3_444                                                           |   8|   0|    8|          0|
    |kernel_data_V_3_445                                                           |   8|   0|    8|          0|
    |kernel_data_V_3_446                                                           |   8|   0|    8|          0|
    |kernel_data_V_3_447                                                           |   8|   0|    8|          0|
    |kernel_data_V_3_448                                                           |   8|   0|    8|          0|
    |kernel_data_V_3_449                                                           |   8|   0|    8|          0|
    |kernel_data_V_3_45                                                            |   8|   0|    8|          0|
    |kernel_data_V_3_450                                                           |   8|   0|    8|          0|
    |kernel_data_V_3_451                                                           |   8|   0|    8|          0|
    |kernel_data_V_3_452                                                           |   8|   0|    8|          0|
    |kernel_data_V_3_453                                                           |   8|   0|    8|          0|
    |kernel_data_V_3_454                                                           |   8|   0|    8|          0|
    |kernel_data_V_3_455                                                           |   8|   0|    8|          0|
    |kernel_data_V_3_456                                                           |   8|   0|    8|          0|
    |kernel_data_V_3_457                                                           |   8|   0|    8|          0|
    |kernel_data_V_3_458                                                           |   8|   0|    8|          0|
    |kernel_data_V_3_459                                                           |   8|   0|    8|          0|
    |kernel_data_V_3_46                                                            |   8|   0|    8|          0|
    |kernel_data_V_3_460                                                           |   8|   0|    8|          0|
    |kernel_data_V_3_461                                                           |   8|   0|    8|          0|
    |kernel_data_V_3_462                                                           |   8|   0|    8|          0|
    |kernel_data_V_3_463                                                           |   8|   0|    8|          0|
    |kernel_data_V_3_464                                                           |   8|   0|    8|          0|
    |kernel_data_V_3_465                                                           |   8|   0|    8|          0|
    |kernel_data_V_3_466                                                           |   8|   0|    8|          0|
    |kernel_data_V_3_467                                                           |   8|   0|    8|          0|
    |kernel_data_V_3_468                                                           |   8|   0|    8|          0|
    |kernel_data_V_3_469                                                           |   8|   0|    8|          0|
    |kernel_data_V_3_47                                                            |   8|   0|    8|          0|
    |kernel_data_V_3_470                                                           |   8|   0|    8|          0|
    |kernel_data_V_3_471                                                           |   8|   0|    8|          0|
    |kernel_data_V_3_472                                                           |   8|   0|    8|          0|
    |kernel_data_V_3_473                                                           |   8|   0|    8|          0|
    |kernel_data_V_3_474                                                           |   8|   0|    8|          0|
    |kernel_data_V_3_475                                                           |   8|   0|    8|          0|
    |kernel_data_V_3_476                                                           |   8|   0|    8|          0|
    |kernel_data_V_3_477                                                           |   8|   0|    8|          0|
    |kernel_data_V_3_478                                                           |   8|   0|    8|          0|
    |kernel_data_V_3_479                                                           |   8|   0|    8|          0|
    |kernel_data_V_3_48                                                            |   8|   0|    8|          0|
    |kernel_data_V_3_480                                                           |   8|   0|    8|          0|
    |kernel_data_V_3_481                                                           |   8|   0|    8|          0|
    |kernel_data_V_3_482                                                           |   8|   0|    8|          0|
    |kernel_data_V_3_483                                                           |   8|   0|    8|          0|
    |kernel_data_V_3_484                                                           |   8|   0|    8|          0|
    |kernel_data_V_3_485                                                           |   8|   0|    8|          0|
    |kernel_data_V_3_486                                                           |   8|   0|    8|          0|
    |kernel_data_V_3_487                                                           |   8|   0|    8|          0|
    |kernel_data_V_3_488                                                           |   8|   0|    8|          0|
    |kernel_data_V_3_489                                                           |   8|   0|    8|          0|
    |kernel_data_V_3_49                                                            |   8|   0|    8|          0|
    |kernel_data_V_3_490                                                           |   8|   0|    8|          0|
    |kernel_data_V_3_491                                                           |   8|   0|    8|          0|
    |kernel_data_V_3_492                                                           |   8|   0|    8|          0|
    |kernel_data_V_3_493                                                           |   8|   0|    8|          0|
    |kernel_data_V_3_494                                                           |   8|   0|    8|          0|
    |kernel_data_V_3_495                                                           |   8|   0|    8|          0|
    |kernel_data_V_3_496                                                           |   8|   0|    8|          0|
    |kernel_data_V_3_497                                                           |   8|   0|    8|          0|
    |kernel_data_V_3_498                                                           |   8|   0|    8|          0|
    |kernel_data_V_3_499                                                           |   8|   0|    8|          0|
    |kernel_data_V_3_5                                                             |   8|   0|    8|          0|
    |kernel_data_V_3_50                                                            |   8|   0|    8|          0|
    |kernel_data_V_3_500                                                           |   8|   0|    8|          0|
    |kernel_data_V_3_501                                                           |   8|   0|    8|          0|
    |kernel_data_V_3_502                                                           |   8|   0|    8|          0|
    |kernel_data_V_3_503                                                           |   8|   0|    8|          0|
    |kernel_data_V_3_504                                                           |   8|   0|    8|          0|
    |kernel_data_V_3_505                                                           |   8|   0|    8|          0|
    |kernel_data_V_3_506                                                           |   8|   0|    8|          0|
    |kernel_data_V_3_507                                                           |   8|   0|    8|          0|
    |kernel_data_V_3_508                                                           |   8|   0|    8|          0|
    |kernel_data_V_3_509                                                           |   8|   0|    8|          0|
    |kernel_data_V_3_51                                                            |   8|   0|    8|          0|
    |kernel_data_V_3_510                                                           |   8|   0|    8|          0|
    |kernel_data_V_3_511                                                           |   8|   0|    8|          0|
    |kernel_data_V_3_52                                                            |   8|   0|    8|          0|
    |kernel_data_V_3_53                                                            |   8|   0|    8|          0|
    |kernel_data_V_3_54                                                            |   8|   0|    8|          0|
    |kernel_data_V_3_55                                                            |   8|   0|    8|          0|
    |kernel_data_V_3_56                                                            |   8|   0|    8|          0|
    |kernel_data_V_3_57                                                            |   8|   0|    8|          0|
    |kernel_data_V_3_58                                                            |   8|   0|    8|          0|
    |kernel_data_V_3_59                                                            |   8|   0|    8|          0|
    |kernel_data_V_3_6                                                             |   8|   0|    8|          0|
    |kernel_data_V_3_60                                                            |   8|   0|    8|          0|
    |kernel_data_V_3_61                                                            |   8|   0|    8|          0|
    |kernel_data_V_3_62                                                            |   8|   0|    8|          0|
    |kernel_data_V_3_63                                                            |   8|   0|    8|          0|
    |kernel_data_V_3_64                                                            |   8|   0|    8|          0|
    |kernel_data_V_3_65                                                            |   8|   0|    8|          0|
    |kernel_data_V_3_66                                                            |   8|   0|    8|          0|
    |kernel_data_V_3_67                                                            |   8|   0|    8|          0|
    |kernel_data_V_3_68                                                            |   8|   0|    8|          0|
    |kernel_data_V_3_69                                                            |   8|   0|    8|          0|
    |kernel_data_V_3_7                                                             |   8|   0|    8|          0|
    |kernel_data_V_3_70                                                            |   8|   0|    8|          0|
    |kernel_data_V_3_71                                                            |   8|   0|    8|          0|
    |kernel_data_V_3_72                                                            |   8|   0|    8|          0|
    |kernel_data_V_3_73                                                            |   8|   0|    8|          0|
    |kernel_data_V_3_74                                                            |   8|   0|    8|          0|
    |kernel_data_V_3_75                                                            |   8|   0|    8|          0|
    |kernel_data_V_3_76                                                            |   8|   0|    8|          0|
    |kernel_data_V_3_77                                                            |   8|   0|    8|          0|
    |kernel_data_V_3_78                                                            |   8|   0|    8|          0|
    |kernel_data_V_3_79                                                            |   8|   0|    8|          0|
    |kernel_data_V_3_8                                                             |   8|   0|    8|          0|
    |kernel_data_V_3_80                                                            |   8|   0|    8|          0|
    |kernel_data_V_3_81                                                            |   8|   0|    8|          0|
    |kernel_data_V_3_82                                                            |   8|   0|    8|          0|
    |kernel_data_V_3_83                                                            |   8|   0|    8|          0|
    |kernel_data_V_3_84                                                            |   8|   0|    8|          0|
    |kernel_data_V_3_85                                                            |   8|   0|    8|          0|
    |kernel_data_V_3_86                                                            |   8|   0|    8|          0|
    |kernel_data_V_3_87                                                            |   8|   0|    8|          0|
    |kernel_data_V_3_88                                                            |   8|   0|    8|          0|
    |kernel_data_V_3_89                                                            |   8|   0|    8|          0|
    |kernel_data_V_3_9                                                             |   8|   0|    8|          0|
    |kernel_data_V_3_90                                                            |   8|   0|    8|          0|
    |kernel_data_V_3_91                                                            |   8|   0|    8|          0|
    |kernel_data_V_3_92                                                            |   8|   0|    8|          0|
    |kernel_data_V_3_93                                                            |   8|   0|    8|          0|
    |kernel_data_V_3_94                                                            |   8|   0|    8|          0|
    |kernel_data_V_3_95                                                            |   8|   0|    8|          0|
    |kernel_data_V_3_96                                                            |   8|   0|    8|          0|
    |kernel_data_V_3_97                                                            |   8|   0|    8|          0|
    |kernel_data_V_3_98                                                            |   8|   0|    8|          0|
    |kernel_data_V_3_99                                                            |   8|   0|    8|          0|
    |out_index_reg_11380                                                           |   2|   0|    2|          0|
    |pX_1                                                                          |  32|   0|   32|          0|
    |pX_1_load_reg_11346                                                           |  32|   0|   32|          0|
    |pY_1                                                                          |  32|   0|   32|          0|
    |pY_1_load_reg_11340                                                           |  32|   0|   32|          0|
    |p_Val2_1124_reg_1549                                                          |  14|   0|   14|          0|
    |p_Val2_11_reg_1636                                                            |  14|   0|   14|          0|
    |p_Val2_1222_reg_1560                                                          |  14|   0|   14|          0|
    |p_Val2_12_reg_1618                                                            |  14|   0|   14|          0|
    |p_Val2_1320_reg_1571                                                          |  14|   0|   14|          0|
    |p_Val2_13_reg_1600                                                            |  14|   0|   14|          0|
    |p_Val2_14_reg_1582                                                            |  14|   0|   14|          0|
    |p_Val2_26_reg_1538                                                            |  14|   0|   14|          0|
    |sX_1                                                                          |  32|   0|   32|          0|
    |sX_1_load_reg_11320                                                           |  32|   0|   32|          0|
    |sY_1                                                                          |  32|   0|   32|          0|
    |sY_1_load_reg_11330                                                           |  32|   0|   32|          0|
    |select_ln168_reg_11395                                                        |  32|   0|   32|          0|
    |start_once_reg                                                                |   1|   0|    1|          0|
    |tmp_5_reg_11385                                                               |   8|   0|    8|          0|
    |w5_V_load_reg_11390                                                           |   7|   0|    7|          0|
    |w_index27_reg_1516                                                            |  11|   0|   11|          0|
    |w_index_reg_11371                                                             |  11|   0|   11|          0|
    +------------------------------------------------------------------------------+----+----+-----+-----------+
    |Total                                                                         |4603|   0| 4604|          1|
    +------------------------------------------------------------------------------+----+----+-----+-----------+



================================================================
== Interface
================================================================
* Summary: 
+--------------------------+-----+-----+------------+----------------------------------------------+--------------+
|         RTL Ports        | Dir | Bits|  Protocol  |                 Source Object                |    C Type    |
+--------------------------+-----+-----+------------+----------------------------------------------+--------------+
|ap_clk                    |  in |    1| ap_ctrl_hs | conv_2d_cl<array,array<ap_fixed,4u>,config5> | return value |
|ap_rst                    |  in |    1| ap_ctrl_hs | conv_2d_cl<array,array<ap_fixed,4u>,config5> | return value |
|ap_start                  |  in |    1| ap_ctrl_hs | conv_2d_cl<array,array<ap_fixed,4u>,config5> | return value |
|start_full_n              |  in |    1| ap_ctrl_hs | conv_2d_cl<array,array<ap_fixed,4u>,config5> | return value |
|ap_done                   | out |    1| ap_ctrl_hs | conv_2d_cl<array,array<ap_fixed,4u>,config5> | return value |
|ap_continue               |  in |    1| ap_ctrl_hs | conv_2d_cl<array,array<ap_fixed,4u>,config5> | return value |
|ap_idle                   | out |    1| ap_ctrl_hs | conv_2d_cl<array,array<ap_fixed,4u>,config5> | return value |
|ap_ready                  | out |    1| ap_ctrl_hs | conv_2d_cl<array,array<ap_fixed,4u>,config5> | return value |
|start_out                 | out |    1| ap_ctrl_hs | conv_2d_cl<array,array<ap_fixed,4u>,config5> | return value |
|start_write               | out |    1| ap_ctrl_hs | conv_2d_cl<array,array<ap_fixed,4u>,config5> | return value |
|data_V_data_0_V_dout      |  in |    8|   ap_fifo  |                data_V_data_0_V               |    pointer   |
|data_V_data_0_V_empty_n   |  in |    1|   ap_fifo  |                data_V_data_0_V               |    pointer   |
|data_V_data_0_V_read      | out |    1|   ap_fifo  |                data_V_data_0_V               |    pointer   |
|data_V_data_1_V_dout      |  in |    8|   ap_fifo  |                data_V_data_1_V               |    pointer   |
|data_V_data_1_V_empty_n   |  in |    1|   ap_fifo  |                data_V_data_1_V               |    pointer   |
|data_V_data_1_V_read      | out |    1|   ap_fifo  |                data_V_data_1_V               |    pointer   |
|data_V_data_2_V_dout      |  in |    8|   ap_fifo  |                data_V_data_2_V               |    pointer   |
|data_V_data_2_V_empty_n   |  in |    1|   ap_fifo  |                data_V_data_2_V               |    pointer   |
|data_V_data_2_V_read      | out |    1|   ap_fifo  |                data_V_data_2_V               |    pointer   |
|data_V_data_3_V_dout      |  in |    8|   ap_fifo  |                data_V_data_3_V               |    pointer   |
|data_V_data_3_V_empty_n   |  in |    1|   ap_fifo  |                data_V_data_3_V               |    pointer   |
|data_V_data_3_V_read      | out |    1|   ap_fifo  |                data_V_data_3_V               |    pointer   |
|data_V_data_4_V_dout      |  in |    8|   ap_fifo  |                data_V_data_4_V               |    pointer   |
|data_V_data_4_V_empty_n   |  in |    1|   ap_fifo  |                data_V_data_4_V               |    pointer   |
|data_V_data_4_V_read      | out |    1|   ap_fifo  |                data_V_data_4_V               |    pointer   |
|data_V_data_5_V_dout      |  in |    8|   ap_fifo  |                data_V_data_5_V               |    pointer   |
|data_V_data_5_V_empty_n   |  in |    1|   ap_fifo  |                data_V_data_5_V               |    pointer   |
|data_V_data_5_V_read      | out |    1|   ap_fifo  |                data_V_data_5_V               |    pointer   |
|data_V_data_6_V_dout      |  in |    8|   ap_fifo  |                data_V_data_6_V               |    pointer   |
|data_V_data_6_V_empty_n   |  in |    1|   ap_fifo  |                data_V_data_6_V               |    pointer   |
|data_V_data_6_V_read      | out |    1|   ap_fifo  |                data_V_data_6_V               |    pointer   |
|data_V_data_7_V_dout      |  in |    8|   ap_fifo  |                data_V_data_7_V               |    pointer   |
|data_V_data_7_V_empty_n   |  in |    1|   ap_fifo  |                data_V_data_7_V               |    pointer   |
|data_V_data_7_V_read      | out |    1|   ap_fifo  |                data_V_data_7_V               |    pointer   |
|data_V_data_8_V_dout      |  in |    8|   ap_fifo  |                data_V_data_8_V               |    pointer   |
|data_V_data_8_V_empty_n   |  in |    1|   ap_fifo  |                data_V_data_8_V               |    pointer   |
|data_V_data_8_V_read      | out |    1|   ap_fifo  |                data_V_data_8_V               |    pointer   |
|data_V_data_9_V_dout      |  in |    8|   ap_fifo  |                data_V_data_9_V               |    pointer   |
|data_V_data_9_V_empty_n   |  in |    1|   ap_fifo  |                data_V_data_9_V               |    pointer   |
|data_V_data_9_V_read      | out |    1|   ap_fifo  |                data_V_data_9_V               |    pointer   |
|data_V_data_10_V_dout     |  in |    8|   ap_fifo  |               data_V_data_10_V               |    pointer   |
|data_V_data_10_V_empty_n  |  in |    1|   ap_fifo  |               data_V_data_10_V               |    pointer   |
|data_V_data_10_V_read     | out |    1|   ap_fifo  |               data_V_data_10_V               |    pointer   |
|data_V_data_11_V_dout     |  in |    8|   ap_fifo  |               data_V_data_11_V               |    pointer   |
|data_V_data_11_V_empty_n  |  in |    1|   ap_fifo  |               data_V_data_11_V               |    pointer   |
|data_V_data_11_V_read     | out |    1|   ap_fifo  |               data_V_data_11_V               |    pointer   |
|data_V_data_12_V_dout     |  in |    8|   ap_fifo  |               data_V_data_12_V               |    pointer   |
|data_V_data_12_V_empty_n  |  in |    1|   ap_fifo  |               data_V_data_12_V               |    pointer   |
|data_V_data_12_V_read     | out |    1|   ap_fifo  |               data_V_data_12_V               |    pointer   |
|data_V_data_13_V_dout     |  in |    8|   ap_fifo  |               data_V_data_13_V               |    pointer   |
|data_V_data_13_V_empty_n  |  in |    1|   ap_fifo  |               data_V_data_13_V               |    pointer   |
|data_V_data_13_V_read     | out |    1|   ap_fifo  |               data_V_data_13_V               |    pointer   |
|data_V_data_14_V_dout     |  in |    8|   ap_fifo  |               data_V_data_14_V               |    pointer   |
|data_V_data_14_V_empty_n  |  in |    1|   ap_fifo  |               data_V_data_14_V               |    pointer   |
|data_V_data_14_V_read     | out |    1|   ap_fifo  |               data_V_data_14_V               |    pointer   |
|data_V_data_15_V_dout     |  in |    8|   ap_fifo  |               data_V_data_15_V               |    pointer   |
|data_V_data_15_V_empty_n  |  in |    1|   ap_fifo  |               data_V_data_15_V               |    pointer   |
|data_V_data_15_V_read     | out |    1|   ap_fifo  |               data_V_data_15_V               |    pointer   |
|data_V_data_16_V_dout     |  in |    8|   ap_fifo  |               data_V_data_16_V               |    pointer   |
|data_V_data_16_V_empty_n  |  in |    1|   ap_fifo  |               data_V_data_16_V               |    pointer   |
|data_V_data_16_V_read     | out |    1|   ap_fifo  |               data_V_data_16_V               |    pointer   |
|data_V_data_17_V_dout     |  in |    8|   ap_fifo  |               data_V_data_17_V               |    pointer   |
|data_V_data_17_V_empty_n  |  in |    1|   ap_fifo  |               data_V_data_17_V               |    pointer   |
|data_V_data_17_V_read     | out |    1|   ap_fifo  |               data_V_data_17_V               |    pointer   |
|data_V_data_18_V_dout     |  in |    8|   ap_fifo  |               data_V_data_18_V               |    pointer   |
|data_V_data_18_V_empty_n  |  in |    1|   ap_fifo  |               data_V_data_18_V               |    pointer   |
|data_V_data_18_V_read     | out |    1|   ap_fifo  |               data_V_data_18_V               |    pointer   |
|data_V_data_19_V_dout     |  in |    8|   ap_fifo  |               data_V_data_19_V               |    pointer   |
|data_V_data_19_V_empty_n  |  in |    1|   ap_fifo  |               data_V_data_19_V               |    pointer   |
|data_V_data_19_V_read     | out |    1|   ap_fifo  |               data_V_data_19_V               |    pointer   |
|data_V_data_20_V_dout     |  in |    8|   ap_fifo  |               data_V_data_20_V               |    pointer   |
|data_V_data_20_V_empty_n  |  in |    1|   ap_fifo  |               data_V_data_20_V               |    pointer   |
|data_V_data_20_V_read     | out |    1|   ap_fifo  |               data_V_data_20_V               |    pointer   |
|data_V_data_21_V_dout     |  in |    8|   ap_fifo  |               data_V_data_21_V               |    pointer   |
|data_V_data_21_V_empty_n  |  in |    1|   ap_fifo  |               data_V_data_21_V               |    pointer   |
|data_V_data_21_V_read     | out |    1|   ap_fifo  |               data_V_data_21_V               |    pointer   |
|data_V_data_22_V_dout     |  in |    8|   ap_fifo  |               data_V_data_22_V               |    pointer   |
|data_V_data_22_V_empty_n  |  in |    1|   ap_fifo  |               data_V_data_22_V               |    pointer   |
|data_V_data_22_V_read     | out |    1|   ap_fifo  |               data_V_data_22_V               |    pointer   |
|data_V_data_23_V_dout     |  in |    8|   ap_fifo  |               data_V_data_23_V               |    pointer   |
|data_V_data_23_V_empty_n  |  in |    1|   ap_fifo  |               data_V_data_23_V               |    pointer   |
|data_V_data_23_V_read     | out |    1|   ap_fifo  |               data_V_data_23_V               |    pointer   |
|data_V_data_24_V_dout     |  in |    8|   ap_fifo  |               data_V_data_24_V               |    pointer   |
|data_V_data_24_V_empty_n  |  in |    1|   ap_fifo  |               data_V_data_24_V               |    pointer   |
|data_V_data_24_V_read     | out |    1|   ap_fifo  |               data_V_data_24_V               |    pointer   |
|data_V_data_25_V_dout     |  in |    8|   ap_fifo  |               data_V_data_25_V               |    pointer   |
|data_V_data_25_V_empty_n  |  in |    1|   ap_fifo  |               data_V_data_25_V               |    pointer   |
|data_V_data_25_V_read     | out |    1|   ap_fifo  |               data_V_data_25_V               |    pointer   |
|data_V_data_26_V_dout     |  in |    8|   ap_fifo  |               data_V_data_26_V               |    pointer   |
|data_V_data_26_V_empty_n  |  in |    1|   ap_fifo  |               data_V_data_26_V               |    pointer   |
|data_V_data_26_V_read     | out |    1|   ap_fifo  |               data_V_data_26_V               |    pointer   |
|data_V_data_27_V_dout     |  in |    8|   ap_fifo  |               data_V_data_27_V               |    pointer   |
|data_V_data_27_V_empty_n  |  in |    1|   ap_fifo  |               data_V_data_27_V               |    pointer   |
|data_V_data_27_V_read     | out |    1|   ap_fifo  |               data_V_data_27_V               |    pointer   |
|data_V_data_28_V_dout     |  in |    8|   ap_fifo  |               data_V_data_28_V               |    pointer   |
|data_V_data_28_V_empty_n  |  in |    1|   ap_fifo  |               data_V_data_28_V               |    pointer   |
|data_V_data_28_V_read     | out |    1|   ap_fifo  |               data_V_data_28_V               |    pointer   |
|data_V_data_29_V_dout     |  in |    8|   ap_fifo  |               data_V_data_29_V               |    pointer   |
|data_V_data_29_V_empty_n  |  in |    1|   ap_fifo  |               data_V_data_29_V               |    pointer   |
|data_V_data_29_V_read     | out |    1|   ap_fifo  |               data_V_data_29_V               |    pointer   |
|data_V_data_30_V_dout     |  in |    8|   ap_fifo  |               data_V_data_30_V               |    pointer   |
|data_V_data_30_V_empty_n  |  in |    1|   ap_fifo  |               data_V_data_30_V               |    pointer   |
|data_V_data_30_V_read     | out |    1|   ap_fifo  |               data_V_data_30_V               |    pointer   |
|data_V_data_31_V_dout     |  in |    8|   ap_fifo  |               data_V_data_31_V               |    pointer   |
|data_V_data_31_V_empty_n  |  in |    1|   ap_fifo  |               data_V_data_31_V               |    pointer   |
|data_V_data_31_V_read     | out |    1|   ap_fifo  |               data_V_data_31_V               |    pointer   |
|res_V_data_0_V_din        | out |    9|   ap_fifo  |                res_V_data_0_V                |    pointer   |
|res_V_data_0_V_full_n     |  in |    1|   ap_fifo  |                res_V_data_0_V                |    pointer   |
|res_V_data_0_V_write      | out |    1|   ap_fifo  |                res_V_data_0_V                |    pointer   |
|res_V_data_1_V_din        | out |    9|   ap_fifo  |                res_V_data_1_V                |    pointer   |
|res_V_data_1_V_full_n     |  in |    1|   ap_fifo  |                res_V_data_1_V                |    pointer   |
|res_V_data_1_V_write      | out |    1|   ap_fifo  |                res_V_data_1_V                |    pointer   |
|res_V_data_2_V_din        | out |    9|   ap_fifo  |                res_V_data_2_V                |    pointer   |
|res_V_data_2_V_full_n     |  in |    1|   ap_fifo  |                res_V_data_2_V                |    pointer   |
|res_V_data_2_V_write      | out |    1|   ap_fifo  |                res_V_data_2_V                |    pointer   |
|res_V_data_3_V_din        | out |    9|   ap_fifo  |                res_V_data_3_V                |    pointer   |
|res_V_data_3_V_full_n     |  in |    1|   ap_fifo  |                res_V_data_3_V                |    pointer   |
|res_V_data_3_V_write      | out |    1|   ap_fifo  |                res_V_data_3_V                |    pointer   |
+--------------------------+-----+-----+------------+----------------------------------------------+--------------+

