

================================================================
== Vivado HLS Report for 'relu_array_array_ap_fixed_32u_relu_config10_s'
================================================================
* Date:           Wed Nov 10 01:07:44 2021

* Version:        2020.1 (Build 2897737 on Wed May 27 20:21:37 MDT 2020)
* Project:        myproject_prj
* Solution:       solution1
* Product family: zynq
* Target device:  xc7z020-clg400-1


================================================================
== Performance Estimates
================================================================
+ Timing: 
    * Summary: 
    +--------+----------+----------+------------+
    |  Clock |  Target  | Estimated| Uncertainty|
    +--------+----------+----------+------------+
    |ap_clk  | 10.00 ns | 6.288 ns |   1.25 ns  |
    +--------+----------+----------+------------+

+ Latency: 
    * Summary: 
    +---------+---------+-----------+-----------+------+------+---------+
    |  Latency (cycles) |   Latency (absolute)  |   Interval  | Pipeline|
    |   min   |   max   |    min    |    max    |  min |  max |   Type  |
    +---------+---------+-----------+-----------+------+------+---------+
    |     1027|     1027| 10.270 us | 10.270 us |  1027|  1027|   none  |
    +---------+---------+-----------+-----------+------+------+---------+

    + Detail: 
        * Instance: 
        N/A

        * Loop: 
        +---------------+---------+---------+----------+-----------+-----------+------+----------+
        |               |  Latency (cycles) | Iteration|  Initiation Interval  | Trip |          |
        |   Loop Name   |   min   |   max   |  Latency |  achieved |   target  | Count| Pipelined|
        +---------------+---------+---------+----------+-----------+-----------+------+----------+
        |- ReLUActLoop  |     1025|     1025|         3|          1|          1|  1024|    yes   |
        +---------------+---------+---------+----------+-----------+-----------+------+----------+



================================================================
== Utilization Estimates
================================================================
* Summary: 
+-----------------+---------+-------+--------+-------+-----+
|       Name      | BRAM_18K| DSP48E|   FF   |  LUT  | URAM|
+-----------------+---------+-------+--------+-------+-----+
|DSP              |        -|      -|       -|      -|    -|
|Expression       |        -|      -|       0|   1258|    -|
|FIFO             |        -|      -|       -|      -|    -|
|Instance         |        -|      -|       -|      -|    -|
|Memory           |        -|      -|       -|      -|    -|
|Multiplexer      |        -|      -|       -|    642|    -|
|Register         |        -|      -|     245|      -|    -|
+-----------------+---------+-------+--------+-------+-----+
|Total            |        0|      0|     245|   1900|    0|
+-----------------+---------+-------+--------+-------+-----+
|Available        |      280|    220|  106400|  53200|    0|
+-----------------+---------+-------+--------+-------+-----+
|Utilization (%)  |        0|      0|   ~0   |      3|    0|
+-----------------+---------+-------+--------+-------+-----+

+ Detail: 
    * Instance: 
    N/A

    * DSP48E: 
    N/A

    * Memory: 
    N/A

    * FIFO: 
    N/A

    * Expression: 
    +----------------------------------+----------+-------+---+----+------------+------------+
    |           Variable Name          | Operation| DSP48E| FF| LUT| Bitwidth P0| Bitwidth P1|
    +----------------------------------+----------+-------+---+----+------------+------------+
    |i_fu_377_p2                       |     +    |      0|  0|  13|          11|           1|
    |ap_block_state3_pp0_stage0_iter1  |    and   |      0|  0|   2|           1|           1|
    |ap_block_state4_pp0_stage0_iter2  |    and   |      0|  0|   2|           1|           1|
    |io_acc_block_signal_op432         |    and   |      0|  0|   2|           1|           1|
    |io_acc_block_signal_op76          |    and   |      0|  0|   2|           1|           1|
    |icmp_ln1494_10_fu_1151_p2         |   icmp   |      0|  0|  13|           9|           1|
    |icmp_ln1494_11_fu_1215_p2         |   icmp   |      0|  0|  13|           9|           1|
    |icmp_ln1494_12_fu_1279_p2         |   icmp   |      0|  0|  13|           9|           1|
    |icmp_ln1494_13_fu_1343_p2         |   icmp   |      0|  0|  13|           9|           1|
    |icmp_ln1494_14_fu_1407_p2         |   icmp   |      0|  0|  13|           9|           1|
    |icmp_ln1494_15_fu_1471_p2         |   icmp   |      0|  0|  13|           9|           1|
    |icmp_ln1494_16_fu_1535_p2         |   icmp   |      0|  0|  13|           9|           1|
    |icmp_ln1494_17_fu_1599_p2         |   icmp   |      0|  0|  13|           9|           1|
    |icmp_ln1494_18_fu_1663_p2         |   icmp   |      0|  0|  13|           9|           1|
    |icmp_ln1494_19_fu_1727_p2         |   icmp   |      0|  0|  13|           9|           1|
    |icmp_ln1494_1_fu_575_p2           |   icmp   |      0|  0|  13|           9|           1|
    |icmp_ln1494_20_fu_1791_p2         |   icmp   |      0|  0|  13|           9|           1|
    |icmp_ln1494_21_fu_1855_p2         |   icmp   |      0|  0|  13|           9|           1|
    |icmp_ln1494_22_fu_1919_p2         |   icmp   |      0|  0|  13|           9|           1|
    |icmp_ln1494_23_fu_1983_p2         |   icmp   |      0|  0|  13|           9|           1|
    |icmp_ln1494_24_fu_2047_p2         |   icmp   |      0|  0|  13|           9|           1|
    |icmp_ln1494_25_fu_2111_p2         |   icmp   |      0|  0|  13|           9|           1|
    |icmp_ln1494_26_fu_2175_p2         |   icmp   |      0|  0|  13|           9|           1|
    |icmp_ln1494_27_fu_2239_p2         |   icmp   |      0|  0|  13|           9|           1|
    |icmp_ln1494_28_fu_2303_p2         |   icmp   |      0|  0|  13|           9|           1|
    |icmp_ln1494_29_fu_2367_p2         |   icmp   |      0|  0|  13|           9|           1|
    |icmp_ln1494_2_fu_639_p2           |   icmp   |      0|  0|  13|           9|           1|
    |icmp_ln1494_30_fu_2431_p2         |   icmp   |      0|  0|  13|           9|           1|
    |icmp_ln1494_31_fu_2495_p2         |   icmp   |      0|  0|  13|           9|           1|
    |icmp_ln1494_3_fu_703_p2           |   icmp   |      0|  0|  13|           9|           1|
    |icmp_ln1494_4_fu_767_p2           |   icmp   |      0|  0|  13|           9|           1|
    |icmp_ln1494_5_fu_831_p2           |   icmp   |      0|  0|  13|           9|           1|
    |icmp_ln1494_6_fu_895_p2           |   icmp   |      0|  0|  13|           9|           1|
    |icmp_ln1494_7_fu_959_p2           |   icmp   |      0|  0|  13|           9|           1|
    |icmp_ln1494_8_fu_1023_p2          |   icmp   |      0|  0|  13|           9|           1|
    |icmp_ln1494_9_fu_1087_p2          |   icmp   |      0|  0|  13|           9|           1|
    |icmp_ln1494_fu_511_p2             |   icmp   |      0|  0|  13|           9|           1|
    |icmp_ln60_fu_371_p2               |   icmp   |      0|  0|  13|          11|          12|
    |icmp_ln785_10_fu_1187_p2          |   icmp   |      0|  0|   9|           3|           1|
    |icmp_ln785_11_fu_1251_p2          |   icmp   |      0|  0|   9|           3|           1|
    |icmp_ln785_12_fu_1315_p2          |   icmp   |      0|  0|   9|           3|           1|
    |icmp_ln785_13_fu_1379_p2          |   icmp   |      0|  0|   9|           3|           1|
    |icmp_ln785_14_fu_1443_p2          |   icmp   |      0|  0|   9|           3|           1|
    |icmp_ln785_15_fu_1507_p2          |   icmp   |      0|  0|   9|           3|           1|
    |icmp_ln785_16_fu_1571_p2          |   icmp   |      0|  0|   9|           3|           1|
    |icmp_ln785_17_fu_1635_p2          |   icmp   |      0|  0|   9|           3|           1|
    |icmp_ln785_18_fu_1699_p2          |   icmp   |      0|  0|   9|           3|           1|
    |icmp_ln785_19_fu_1763_p2          |   icmp   |      0|  0|   9|           3|           1|
    |icmp_ln785_1_fu_611_p2            |   icmp   |      0|  0|   9|           3|           1|
    |icmp_ln785_20_fu_1827_p2          |   icmp   |      0|  0|   9|           3|           1|
    |icmp_ln785_21_fu_1891_p2          |   icmp   |      0|  0|   9|           3|           1|
    |icmp_ln785_22_fu_1955_p2          |   icmp   |      0|  0|   9|           3|           1|
    |icmp_ln785_23_fu_2019_p2          |   icmp   |      0|  0|   9|           3|           1|
    |icmp_ln785_24_fu_2083_p2          |   icmp   |      0|  0|   9|           3|           1|
    |icmp_ln785_25_fu_2147_p2          |   icmp   |      0|  0|   9|           3|           1|
    |icmp_ln785_26_fu_2211_p2          |   icmp   |      0|  0|   9|           3|           1|
    |icmp_ln785_27_fu_2275_p2          |   icmp   |      0|  0|   9|           3|           1|
    |icmp_ln785_28_fu_2339_p2          |   icmp   |      0|  0|   9|           3|           1|
    |icmp_ln785_29_fu_2403_p2          |   icmp   |      0|  0|   9|           3|           1|
    |icmp_ln785_2_fu_675_p2            |   icmp   |      0|  0|   9|           3|           1|
    |icmp_ln785_30_fu_2467_p2          |   icmp   |      0|  0|   9|           3|           1|
    |icmp_ln785_31_fu_2531_p2          |   icmp   |      0|  0|   9|           3|           1|
    |icmp_ln785_3_fu_739_p2            |   icmp   |      0|  0|   9|           3|           1|
    |icmp_ln785_4_fu_803_p2            |   icmp   |      0|  0|   9|           3|           1|
    |icmp_ln785_5_fu_867_p2            |   icmp   |      0|  0|   9|           3|           1|
    |icmp_ln785_6_fu_931_p2            |   icmp   |      0|  0|   9|           3|           1|
    |icmp_ln785_7_fu_995_p2            |   icmp   |      0|  0|   9|           3|           1|
    |icmp_ln785_8_fu_1059_p2           |   icmp   |      0|  0|   9|           3|           1|
    |icmp_ln785_9_fu_1123_p2           |   icmp   |      0|  0|   9|           3|           1|
    |icmp_ln785_fu_547_p2              |   icmp   |      0|  0|   9|           3|           1|
    |ap_block_pp0_stage0_01001         |    or    |      0|  0|   2|           1|           1|
    |ap_block_state1                   |    or    |      0|  0|   2|           1|           1|
    |or_ln785_10_fu_1193_p2            |    or    |      0|  0|   2|           1|           1|
    |or_ln785_11_fu_1257_p2            |    or    |      0|  0|   2|           1|           1|
    |or_ln785_12_fu_1321_p2            |    or    |      0|  0|   2|           1|           1|
    |or_ln785_13_fu_1385_p2            |    or    |      0|  0|   2|           1|           1|
    |or_ln785_14_fu_1449_p2            |    or    |      0|  0|   2|           1|           1|
    |or_ln785_15_fu_1513_p2            |    or    |      0|  0|   2|           1|           1|
    |or_ln785_16_fu_1577_p2            |    or    |      0|  0|   2|           1|           1|
    |or_ln785_17_fu_1641_p2            |    or    |      0|  0|   2|           1|           1|
    |or_ln785_18_fu_1705_p2            |    or    |      0|  0|   2|           1|           1|
    |or_ln785_19_fu_1769_p2            |    or    |      0|  0|   2|           1|           1|
    |or_ln785_1_fu_617_p2              |    or    |      0|  0|   2|           1|           1|
    |or_ln785_20_fu_1833_p2            |    or    |      0|  0|   2|           1|           1|
    |or_ln785_21_fu_1897_p2            |    or    |      0|  0|   2|           1|           1|
    |or_ln785_22_fu_1961_p2            |    or    |      0|  0|   2|           1|           1|
    |or_ln785_23_fu_2025_p2            |    or    |      0|  0|   2|           1|           1|
    |or_ln785_24_fu_2089_p2            |    or    |      0|  0|   2|           1|           1|
    |or_ln785_25_fu_2153_p2            |    or    |      0|  0|   2|           1|           1|
    |or_ln785_26_fu_2217_p2            |    or    |      0|  0|   2|           1|           1|
    |or_ln785_27_fu_2281_p2            |    or    |      0|  0|   2|           1|           1|
    |or_ln785_28_fu_2345_p2            |    or    |      0|  0|   2|           1|           1|
    |or_ln785_29_fu_2409_p2            |    or    |      0|  0|   2|           1|           1|
    |or_ln785_2_fu_681_p2              |    or    |      0|  0|   2|           1|           1|
    |or_ln785_30_fu_2473_p2            |    or    |      0|  0|   2|           1|           1|
    |or_ln785_31_fu_2537_p2            |    or    |      0|  0|   2|           1|           1|
    |or_ln785_3_fu_745_p2              |    or    |      0|  0|   2|           1|           1|
    |or_ln785_4_fu_809_p2              |    or    |      0|  0|   2|           1|           1|
    |or_ln785_5_fu_873_p2              |    or    |      0|  0|   2|           1|           1|
    |or_ln785_6_fu_937_p2              |    or    |      0|  0|   2|           1|           1|
    |or_ln785_7_fu_1001_p2             |    or    |      0|  0|   2|           1|           1|
    |or_ln785_8_fu_1065_p2             |    or    |      0|  0|   2|           1|           1|
    |or_ln785_9_fu_1129_p2             |    or    |      0|  0|   2|           1|           1|
    |or_ln785_fu_553_p2                |    or    |      0|  0|   2|           1|           1|
    |select_ln785_66_fu_623_p3         |  select  |      0|  0|   7|           1|           2|
    |select_ln785_67_fu_687_p3         |  select  |      0|  0|   7|           1|           2|
    |select_ln785_68_fu_751_p3         |  select  |      0|  0|   7|           1|           2|
    |select_ln785_69_fu_815_p3         |  select  |      0|  0|   7|           1|           2|
    |select_ln785_70_fu_879_p3         |  select  |      0|  0|   7|           1|           2|
    |select_ln785_71_fu_943_p3         |  select  |      0|  0|   7|           1|           2|
    |select_ln785_72_fu_1007_p3        |  select  |      0|  0|   7|           1|           2|
    |select_ln785_73_fu_1071_p3        |  select  |      0|  0|   7|           1|           2|
    |select_ln785_74_fu_1135_p3        |  select  |      0|  0|   7|           1|           2|
    |select_ln785_75_fu_1199_p3        |  select  |      0|  0|   7|           1|           2|
    |select_ln785_76_fu_1263_p3        |  select  |      0|  0|   7|           1|           2|
    |select_ln785_77_fu_1327_p3        |  select  |      0|  0|   7|           1|           2|
    |select_ln785_78_fu_1391_p3        |  select  |      0|  0|   7|           1|           2|
    |select_ln785_79_fu_1455_p3        |  select  |      0|  0|   7|           1|           2|
    |select_ln785_80_fu_1519_p3        |  select  |      0|  0|   7|           1|           2|
    |select_ln785_81_fu_1583_p3        |  select  |      0|  0|   7|           1|           2|
    |select_ln785_82_fu_1647_p3        |  select  |      0|  0|   7|           1|           2|
    |select_ln785_83_fu_1711_p3        |  select  |      0|  0|   7|           1|           2|
    |select_ln785_84_fu_1775_p3        |  select  |      0|  0|   7|           1|           2|
    |select_ln785_85_fu_1839_p3        |  select  |      0|  0|   7|           1|           2|
    |select_ln785_86_fu_1903_p3        |  select  |      0|  0|   7|           1|           2|
    |select_ln785_87_fu_1967_p3        |  select  |      0|  0|   7|           1|           2|
    |select_ln785_88_fu_2031_p3        |  select  |      0|  0|   7|           1|           2|
    |select_ln785_89_fu_2095_p3        |  select  |      0|  0|   7|           1|           2|
    |select_ln785_90_fu_2159_p3        |  select  |      0|  0|   7|           1|           2|
    |select_ln785_91_fu_2223_p3        |  select  |      0|  0|   7|           1|           2|
    |select_ln785_92_fu_2287_p3        |  select  |      0|  0|   7|           1|           2|
    |select_ln785_93_fu_2351_p3        |  select  |      0|  0|   7|           1|           2|
    |select_ln785_94_fu_2415_p3        |  select  |      0|  0|   7|           1|           2|
    |select_ln785_95_fu_2479_p3        |  select  |      0|  0|   7|           1|           2|
    |select_ln785_96_fu_2543_p3        |  select  |      0|  0|   7|           1|           2|
    |select_ln785_fu_559_p3            |  select  |      0|  0|   7|           1|           2|
    |tmp_data_0_V_fu_567_p3            |  select  |      0|  0|   7|           1|           7|
    |tmp_data_10_V_fu_1207_p3          |  select  |      0|  0|   7|           1|           7|
    |tmp_data_11_V_fu_1271_p3          |  select  |      0|  0|   7|           1|           7|
    |tmp_data_12_V_fu_1335_p3          |  select  |      0|  0|   7|           1|           7|
    |tmp_data_13_V_fu_1399_p3          |  select  |      0|  0|   7|           1|           7|
    |tmp_data_14_V_fu_1463_p3          |  select  |      0|  0|   7|           1|           7|
    |tmp_data_15_V_fu_1527_p3          |  select  |      0|  0|   7|           1|           7|
    |tmp_data_16_V_fu_1591_p3          |  select  |      0|  0|   7|           1|           7|
    |tmp_data_17_V_fu_1655_p3          |  select  |      0|  0|   7|           1|           7|
    |tmp_data_18_V_fu_1719_p3          |  select  |      0|  0|   7|           1|           7|
    |tmp_data_19_V_fu_1783_p3          |  select  |      0|  0|   7|           1|           7|
    |tmp_data_1_V_fu_631_p3            |  select  |      0|  0|   7|           1|           7|
    |tmp_data_20_V_fu_1847_p3          |  select  |      0|  0|   7|           1|           7|
    |tmp_data_21_V_fu_1911_p3          |  select  |      0|  0|   7|           1|           7|
    |tmp_data_22_V_fu_1975_p3          |  select  |      0|  0|   7|           1|           7|
    |tmp_data_23_V_fu_2039_p3          |  select  |      0|  0|   7|           1|           7|
    |tmp_data_24_V_fu_2103_p3          |  select  |      0|  0|   7|           1|           7|
    |tmp_data_25_V_fu_2167_p3          |  select  |      0|  0|   7|           1|           7|
    |tmp_data_26_V_fu_2231_p3          |  select  |      0|  0|   7|           1|           7|
    |tmp_data_27_V_fu_2295_p3          |  select  |      0|  0|   7|           1|           7|
    |tmp_data_28_V_fu_2359_p3          |  select  |      0|  0|   7|           1|           7|
    |tmp_data_29_V_fu_2423_p3          |  select  |      0|  0|   7|           1|           7|
    |tmp_data_2_V_fu_695_p3            |  select  |      0|  0|   7|           1|           7|
    |tmp_data_30_V_fu_2487_p3          |  select  |      0|  0|   7|           1|           7|
    |tmp_data_31_V_fu_2551_p3          |  select  |      0|  0|   7|           1|           7|
    |tmp_data_3_V_fu_759_p3            |  select  |      0|  0|   7|           1|           7|
    |tmp_data_4_V_fu_823_p3            |  select  |      0|  0|   7|           1|           7|
    |tmp_data_5_V_fu_887_p3            |  select  |      0|  0|   7|           1|           7|
    |tmp_data_6_V_fu_951_p3            |  select  |      0|  0|   7|           1|           7|
    |tmp_data_7_V_fu_1015_p3           |  select  |      0|  0|   7|           1|           7|
    |tmp_data_8_V_fu_1079_p3           |  select  |      0|  0|   7|           1|           7|
    |tmp_data_9_V_fu_1143_p3           |  select  |      0|  0|   7|           1|           7|
    |ap_enable_pp0                     |    xor   |      0|  0|   2|           1|           2|
    |ap_enable_reg_pp0_iter1           |    xor   |      0|  0|   2|           2|           1|
    +----------------------------------+----------+-------+---+----+------------+------------+
    |Total                             |          |      0|  0|1258|         511|         406|
    +----------------------------------+----------+-------+---+----+------------+------------+

    * Multiplexer: 
    +-------------------------+----+-----------+-----+-----------+
    |           Name          | LUT| Input Size| Bits| Total Bits|
    +-------------------------+----+-----------+-----+-----------+
    |ap_NS_fsm                |  21|          4|    1|          4|
    |ap_done                  |   9|          2|    1|          2|
    |ap_enable_reg_pp0_iter1  |   9|          2|    1|          2|
    |ap_enable_reg_pp0_iter2  |   9|          2|    1|          2|
    |data_V_data_0_V_blk_n    |   9|          2|    1|          2|
    |data_V_data_10_V_blk_n   |   9|          2|    1|          2|
    |data_V_data_11_V_blk_n   |   9|          2|    1|          2|
    |data_V_data_12_V_blk_n   |   9|          2|    1|          2|
    |data_V_data_13_V_blk_n   |   9|          2|    1|          2|
    |data_V_data_14_V_blk_n   |   9|          2|    1|          2|
    |data_V_data_15_V_blk_n   |   9|          2|    1|          2|
    |data_V_data_16_V_blk_n   |   9|          2|    1|          2|
    |data_V_data_17_V_blk_n   |   9|          2|    1|          2|
    |data_V_data_18_V_blk_n   |   9|          2|    1|          2|
    |data_V_data_19_V_blk_n   |   9|          2|    1|          2|
    |data_V_data_1_V_blk_n    |   9|          2|    1|          2|
    |data_V_data_20_V_blk_n   |   9|          2|    1|          2|
    |data_V_data_21_V_blk_n   |   9|          2|    1|          2|
    |data_V_data_22_V_blk_n   |   9|          2|    1|          2|
    |data_V_data_23_V_blk_n   |   9|          2|    1|          2|
    |data_V_data_24_V_blk_n   |   9|          2|    1|          2|
    |data_V_data_25_V_blk_n   |   9|          2|    1|          2|
    |data_V_data_26_V_blk_n   |   9|          2|    1|          2|
    |data_V_data_27_V_blk_n   |   9|          2|    1|          2|
    |data_V_data_28_V_blk_n   |   9|          2|    1|          2|
    |data_V_data_29_V_blk_n   |   9|          2|    1|          2|
    |data_V_data_2_V_blk_n    |   9|          2|    1|          2|
    |data_V_data_30_V_blk_n   |   9|          2|    1|          2|
    |data_V_data_31_V_blk_n   |   9|          2|    1|          2|
    |data_V_data_3_V_blk_n    |   9|          2|    1|          2|
    |data_V_data_4_V_blk_n    |   9|          2|    1|          2|
    |data_V_data_5_V_blk_n    |   9|          2|    1|          2|
    |data_V_data_6_V_blk_n    |   9|          2|    1|          2|
    |data_V_data_7_V_blk_n    |   9|          2|    1|          2|
    |data_V_data_8_V_blk_n    |   9|          2|    1|          2|
    |data_V_data_9_V_blk_n    |   9|          2|    1|          2|
    |i_0_reg_360              |   9|          2|   11|         22|
    |real_start               |   9|          2|    1|          2|
    |res_V_data_0_V_blk_n     |   9|          2|    1|          2|
    |res_V_data_10_V_blk_n    |   9|          2|    1|          2|
    |res_V_data_11_V_blk_n    |   9|          2|    1|          2|
    |res_V_data_12_V_blk_n    |   9|          2|    1|          2|
    |res_V_data_13_V_blk_n    |   9|          2|    1|          2|
    |res_V_data_14_V_blk_n    |   9|          2|    1|          2|
    |res_V_data_15_V_blk_n    |   9|          2|    1|          2|
    |res_V_data_16_V_blk_n    |   9|          2|    1|          2|
    |res_V_data_17_V_blk_n    |   9|          2|    1|          2|
    |res_V_data_18_V_blk_n    |   9|          2|    1|          2|
    |res_V_data_19_V_blk_n    |   9|          2|    1|          2|
    |res_V_data_1_V_blk_n     |   9|          2|    1|          2|
    |res_V_data_20_V_blk_n    |   9|          2|    1|          2|
    |res_V_data_21_V_blk_n    |   9|          2|    1|          2|
    |res_V_data_22_V_blk_n    |   9|          2|    1|          2|
    |res_V_data_23_V_blk_n    |   9|          2|    1|          2|
    |res_V_data_24_V_blk_n    |   9|          2|    1|          2|
    |res_V_data_25_V_blk_n    |   9|          2|    1|          2|
    |res_V_data_26_V_blk_n    |   9|          2|    1|          2|
    |res_V_data_27_V_blk_n    |   9|          2|    1|          2|
    |res_V_data_28_V_blk_n    |   9|          2|    1|          2|
    |res_V_data_29_V_blk_n    |   9|          2|    1|          2|
    |res_V_data_2_V_blk_n     |   9|          2|    1|          2|
    |res_V_data_30_V_blk_n    |   9|          2|    1|          2|
    |res_V_data_31_V_blk_n    |   9|          2|    1|          2|
    |res_V_data_3_V_blk_n     |   9|          2|    1|          2|
    |res_V_data_4_V_blk_n     |   9|          2|    1|          2|
    |res_V_data_5_V_blk_n     |   9|          2|    1|          2|
    |res_V_data_6_V_blk_n     |   9|          2|    1|          2|
    |res_V_data_7_V_blk_n     |   9|          2|    1|          2|
    |res_V_data_8_V_blk_n     |   9|          2|    1|          2|
    |res_V_data_9_V_blk_n     |   9|          2|    1|          2|
    +-------------------------+----+-----------+-----+-----------+
    |Total                    | 642|        142|   80|        162|
    +-------------------------+----+-----------+-----+-----------+

    * Register: 
    +----------------------------------+----+----+-----+-----------+
    |               Name               | FF | LUT| Bits| Const Bits|
    +----------------------------------+----+----+-----+-----------+
    |ap_CS_fsm                         |   3|   0|    3|          0|
    |ap_done_reg                       |   1|   0|    1|          0|
    |ap_enable_reg_pp0_iter0           |   1|   0|    1|          0|
    |ap_enable_reg_pp0_iter1           |   1|   0|    1|          0|
    |ap_enable_reg_pp0_iter2           |   1|   0|    1|          0|
    |i_0_reg_360                       |  11|   0|   11|          0|
    |icmp_ln60_reg_2687                |   1|   0|    1|          0|
    |icmp_ln60_reg_2687_pp0_iter1_reg  |   1|   0|    1|          0|
    |start_once_reg                    |   1|   0|    1|          0|
    |tmp_data_0_V_reg_2696             |   7|   0|    7|          0|
    |tmp_data_10_V_reg_2746            |   7|   0|    7|          0|
    |tmp_data_11_V_reg_2751            |   7|   0|    7|          0|
    |tmp_data_12_V_reg_2756            |   7|   0|    7|          0|
    |tmp_data_13_V_reg_2761            |   7|   0|    7|          0|
    |tmp_data_14_V_reg_2766            |   7|   0|    7|          0|
    |tmp_data_15_V_reg_2771            |   7|   0|    7|          0|
    |tmp_data_16_V_reg_2776            |   7|   0|    7|          0|
    |tmp_data_17_V_reg_2781            |   7|   0|    7|          0|
    |tmp_data_18_V_reg_2786            |   7|   0|    7|          0|
    |tmp_data_19_V_reg_2791            |   7|   0|    7|          0|
    |tmp_data_1_V_reg_2701             |   7|   0|    7|          0|
    |tmp_data_20_V_reg_2796            |   7|   0|    7|          0|
    |tmp_data_21_V_reg_2801            |   7|   0|    7|          0|
    |tmp_data_22_V_reg_2806            |   7|   0|    7|          0|
    |tmp_data_23_V_reg_2811            |   7|   0|    7|          0|
    |tmp_data_24_V_reg_2816            |   7|   0|    7|          0|
    |tmp_data_25_V_reg_2821            |   7|   0|    7|          0|
    |tmp_data_26_V_reg_2826            |   7|   0|    7|          0|
    |tmp_data_27_V_reg_2831            |   7|   0|    7|          0|
    |tmp_data_28_V_reg_2836            |   7|   0|    7|          0|
    |tmp_data_29_V_reg_2841            |   7|   0|    7|          0|
    |tmp_data_2_V_reg_2706             |   7|   0|    7|          0|
    |tmp_data_30_V_reg_2846            |   7|   0|    7|          0|
    |tmp_data_31_V_reg_2851            |   7|   0|    7|          0|
    |tmp_data_3_V_reg_2711             |   7|   0|    7|          0|
    |tmp_data_4_V_reg_2716             |   7|   0|    7|          0|
    |tmp_data_5_V_reg_2721             |   7|   0|    7|          0|
    |tmp_data_6_V_reg_2726             |   7|   0|    7|          0|
    |tmp_data_7_V_reg_2731             |   7|   0|    7|          0|
    |tmp_data_8_V_reg_2736             |   7|   0|    7|          0|
    |tmp_data_9_V_reg_2741             |   7|   0|    7|          0|
    +----------------------------------+----+----+-----+-----------+
    |Total                             | 245|   0|  245|          0|
    +----------------------------------+----+----+-----+-----------+



================================================================
== Interface
================================================================
* Summary: 
+--------------------------+-----+-----+------------+-----------------------------------------------+--------------+
|         RTL Ports        | Dir | Bits|  Protocol  |                 Source Object                 |    C Type    |
+--------------------------+-----+-----+------------+-----------------------------------------------+--------------+
|ap_clk                    |  in |    1| ap_ctrl_hs | relu<array,array<ap_fixed,32u>,relu_config10> | return value |
|ap_rst                    |  in |    1| ap_ctrl_hs | relu<array,array<ap_fixed,32u>,relu_config10> | return value |
|ap_start                  |  in |    1| ap_ctrl_hs | relu<array,array<ap_fixed,32u>,relu_config10> | return value |
|start_full_n              |  in |    1| ap_ctrl_hs | relu<array,array<ap_fixed,32u>,relu_config10> | return value |
|ap_done                   | out |    1| ap_ctrl_hs | relu<array,array<ap_fixed,32u>,relu_config10> | return value |
|ap_continue               |  in |    1| ap_ctrl_hs | relu<array,array<ap_fixed,32u>,relu_config10> | return value |
|ap_idle                   | out |    1| ap_ctrl_hs | relu<array,array<ap_fixed,32u>,relu_config10> | return value |
|ap_ready                  | out |    1| ap_ctrl_hs | relu<array,array<ap_fixed,32u>,relu_config10> | return value |
|start_out                 | out |    1| ap_ctrl_hs | relu<array,array<ap_fixed,32u>,relu_config10> | return value |
|start_write               | out |    1| ap_ctrl_hs | relu<array,array<ap_fixed,32u>,relu_config10> | return value |
|data_V_data_0_V_dout      |  in |    9|   ap_fifo  |                data_V_data_0_V                |    pointer   |
|data_V_data_0_V_empty_n   |  in |    1|   ap_fifo  |                data_V_data_0_V                |    pointer   |
|data_V_data_0_V_read      | out |    1|   ap_fifo  |                data_V_data_0_V                |    pointer   |
|data_V_data_1_V_dout      |  in |    9|   ap_fifo  |                data_V_data_1_V                |    pointer   |
|data_V_data_1_V_empty_n   |  in |    1|   ap_fifo  |                data_V_data_1_V                |    pointer   |
|data_V_data_1_V_read      | out |    1|   ap_fifo  |                data_V_data_1_V                |    pointer   |
|data_V_data_2_V_dout      |  in |    9|   ap_fifo  |                data_V_data_2_V                |    pointer   |
|data_V_data_2_V_empty_n   |  in |    1|   ap_fifo  |                data_V_data_2_V                |    pointer   |
|data_V_data_2_V_read      | out |    1|   ap_fifo  |                data_V_data_2_V                |    pointer   |
|data_V_data_3_V_dout      |  in |    9|   ap_fifo  |                data_V_data_3_V                |    pointer   |
|data_V_data_3_V_empty_n   |  in |    1|   ap_fifo  |                data_V_data_3_V                |    pointer   |
|data_V_data_3_V_read      | out |    1|   ap_fifo  |                data_V_data_3_V                |    pointer   |
|data_V_data_4_V_dout      |  in |    9|   ap_fifo  |                data_V_data_4_V                |    pointer   |
|data_V_data_4_V_empty_n   |  in |    1|   ap_fifo  |                data_V_data_4_V                |    pointer   |
|data_V_data_4_V_read      | out |    1|   ap_fifo  |                data_V_data_4_V                |    pointer   |
|data_V_data_5_V_dout      |  in |    9|   ap_fifo  |                data_V_data_5_V                |    pointer   |
|data_V_data_5_V_empty_n   |  in |    1|   ap_fifo  |                data_V_data_5_V                |    pointer   |
|data_V_data_5_V_read      | out |    1|   ap_fifo  |                data_V_data_5_V                |    pointer   |
|data_V_data_6_V_dout      |  in |    9|   ap_fifo  |                data_V_data_6_V                |    pointer   |
|data_V_data_6_V_empty_n   |  in |    1|   ap_fifo  |                data_V_data_6_V                |    pointer   |
|data_V_data_6_V_read      | out |    1|   ap_fifo  |                data_V_data_6_V                |    pointer   |
|data_V_data_7_V_dout      |  in |    9|   ap_fifo  |                data_V_data_7_V                |    pointer   |
|data_V_data_7_V_empty_n   |  in |    1|   ap_fifo  |                data_V_data_7_V                |    pointer   |
|data_V_data_7_V_read      | out |    1|   ap_fifo  |                data_V_data_7_V                |    pointer   |
|data_V_data_8_V_dout      |  in |    9|   ap_fifo  |                data_V_data_8_V                |    pointer   |
|data_V_data_8_V_empty_n   |  in |    1|   ap_fifo  |                data_V_data_8_V                |    pointer   |
|data_V_data_8_V_read      | out |    1|   ap_fifo  |                data_V_data_8_V                |    pointer   |
|data_V_data_9_V_dout      |  in |    9|   ap_fifo  |                data_V_data_9_V                |    pointer   |
|data_V_data_9_V_empty_n   |  in |    1|   ap_fifo  |                data_V_data_9_V                |    pointer   |
|data_V_data_9_V_read      | out |    1|   ap_fifo  |                data_V_data_9_V                |    pointer   |
|data_V_data_10_V_dout     |  in |    9|   ap_fifo  |                data_V_data_10_V               |    pointer   |
|data_V_data_10_V_empty_n  |  in |    1|   ap_fifo  |                data_V_data_10_V               |    pointer   |
|data_V_data_10_V_read     | out |    1|   ap_fifo  |                data_V_data_10_V               |    pointer   |
|data_V_data_11_V_dout     |  in |    9|   ap_fifo  |                data_V_data_11_V               |    pointer   |
|data_V_data_11_V_empty_n  |  in |    1|   ap_fifo  |                data_V_data_11_V               |    pointer   |
|data_V_data_11_V_read     | out |    1|   ap_fifo  |                data_V_data_11_V               |    pointer   |
|data_V_data_12_V_dout     |  in |    9|   ap_fifo  |                data_V_data_12_V               |    pointer   |
|data_V_data_12_V_empty_n  |  in |    1|   ap_fifo  |                data_V_data_12_V               |    pointer   |
|data_V_data_12_V_read     | out |    1|   ap_fifo  |                data_V_data_12_V               |    pointer   |
|data_V_data_13_V_dout     |  in |    9|   ap_fifo  |                data_V_data_13_V               |    pointer   |
|data_V_data_13_V_empty_n  |  in |    1|   ap_fifo  |                data_V_data_13_V               |    pointer   |
|data_V_data_13_V_read     | out |    1|   ap_fifo  |                data_V_data_13_V               |    pointer   |
|data_V_data_14_V_dout     |  in |    9|   ap_fifo  |                data_V_data_14_V               |    pointer   |
|data_V_data_14_V_empty_n  |  in |    1|   ap_fifo  |                data_V_data_14_V               |    pointer   |
|data_V_data_14_V_read     | out |    1|   ap_fifo  |                data_V_data_14_V               |    pointer   |
|data_V_data_15_V_dout     |  in |    9|   ap_fifo  |                data_V_data_15_V               |    pointer   |
|data_V_data_15_V_empty_n  |  in |    1|   ap_fifo  |                data_V_data_15_V               |    pointer   |
|data_V_data_15_V_read     | out |    1|   ap_fifo  |                data_V_data_15_V               |    pointer   |
|data_V_data_16_V_dout     |  in |    9|   ap_fifo  |                data_V_data_16_V               |    pointer   |
|data_V_data_16_V_empty_n  |  in |    1|   ap_fifo  |                data_V_data_16_V               |    pointer   |
|data_V_data_16_V_read     | out |    1|   ap_fifo  |                data_V_data_16_V               |    pointer   |
|data_V_data_17_V_dout     |  in |    9|   ap_fifo  |                data_V_data_17_V               |    pointer   |
|data_V_data_17_V_empty_n  |  in |    1|   ap_fifo  |                data_V_data_17_V               |    pointer   |
|data_V_data_17_V_read     | out |    1|   ap_fifo  |                data_V_data_17_V               |    pointer   |
|data_V_data_18_V_dout     |  in |    9|   ap_fifo  |                data_V_data_18_V               |    pointer   |
|data_V_data_18_V_empty_n  |  in |    1|   ap_fifo  |                data_V_data_18_V               |    pointer   |
|data_V_data_18_V_read     | out |    1|   ap_fifo  |                data_V_data_18_V               |    pointer   |
|data_V_data_19_V_dout     |  in |    9|   ap_fifo  |                data_V_data_19_V               |    pointer   |
|data_V_data_19_V_empty_n  |  in |    1|   ap_fifo  |                data_V_data_19_V               |    pointer   |
|data_V_data_19_V_read     | out |    1|   ap_fifo  |                data_V_data_19_V               |    pointer   |
|data_V_data_20_V_dout     |  in |    9|   ap_fifo  |                data_V_data_20_V               |    pointer   |
|data_V_data_20_V_empty_n  |  in |    1|   ap_fifo  |                data_V_data_20_V               |    pointer   |
|data_V_data_20_V_read     | out |    1|   ap_fifo  |                data_V_data_20_V               |    pointer   |
|data_V_data_21_V_dout     |  in |    9|   ap_fifo  |                data_V_data_21_V               |    pointer   |
|data_V_data_21_V_empty_n  |  in |    1|   ap_fifo  |                data_V_data_21_V               |    pointer   |
|data_V_data_21_V_read     | out |    1|   ap_fifo  |                data_V_data_21_V               |    pointer   |
|data_V_data_22_V_dout     |  in |    9|   ap_fifo  |                data_V_data_22_V               |    pointer   |
|data_V_data_22_V_empty_n  |  in |    1|   ap_fifo  |                data_V_data_22_V               |    pointer   |
|data_V_data_22_V_read     | out |    1|   ap_fifo  |                data_V_data_22_V               |    pointer   |
|data_V_data_23_V_dout     |  in |    9|   ap_fifo  |                data_V_data_23_V               |    pointer   |
|data_V_data_23_V_empty_n  |  in |    1|   ap_fifo  |                data_V_data_23_V               |    pointer   |
|data_V_data_23_V_read     | out |    1|   ap_fifo  |                data_V_data_23_V               |    pointer   |
|data_V_data_24_V_dout     |  in |    9|   ap_fifo  |                data_V_data_24_V               |    pointer   |
|data_V_data_24_V_empty_n  |  in |    1|   ap_fifo  |                data_V_data_24_V               |    pointer   |
|data_V_data_24_V_read     | out |    1|   ap_fifo  |                data_V_data_24_V               |    pointer   |
|data_V_data_25_V_dout     |  in |    9|   ap_fifo  |                data_V_data_25_V               |    pointer   |
|data_V_data_25_V_empty_n  |  in |    1|   ap_fifo  |                data_V_data_25_V               |    pointer   |
|data_V_data_25_V_read     | out |    1|   ap_fifo  |                data_V_data_25_V               |    pointer   |
|data_V_data_26_V_dout     |  in |    9|   ap_fifo  |                data_V_data_26_V               |    pointer   |
|data_V_data_26_V_empty_n  |  in |    1|   ap_fifo  |                data_V_data_26_V               |    pointer   |
|data_V_data_26_V_read     | out |    1|   ap_fifo  |                data_V_data_26_V               |    pointer   |
|data_V_data_27_V_dout     |  in |    9|   ap_fifo  |                data_V_data_27_V               |    pointer   |
|data_V_data_27_V_empty_n  |  in |    1|   ap_fifo  |                data_V_data_27_V               |    pointer   |
|data_V_data_27_V_read     | out |    1|   ap_fifo  |                data_V_data_27_V               |    pointer   |
|data_V_data_28_V_dout     |  in |    9|   ap_fifo  |                data_V_data_28_V               |    pointer   |
|data_V_data_28_V_empty_n  |  in |    1|   ap_fifo  |                data_V_data_28_V               |    pointer   |
|data_V_data_28_V_read     | out |    1|   ap_fifo  |                data_V_data_28_V               |    pointer   |
|data_V_data_29_V_dout     |  in |    9|   ap_fifo  |                data_V_data_29_V               |    pointer   |
|data_V_data_29_V_empty_n  |  in |    1|   ap_fifo  |                data_V_data_29_V               |    pointer   |
|data_V_data_29_V_read     | out |    1|   ap_fifo  |                data_V_data_29_V               |    pointer   |
|data_V_data_30_V_dout     |  in |    9|   ap_fifo  |                data_V_data_30_V               |    pointer   |
|data_V_data_30_V_empty_n  |  in |    1|   ap_fifo  |                data_V_data_30_V               |    pointer   |
|data_V_data_30_V_read     | out |    1|   ap_fifo  |                data_V_data_30_V               |    pointer   |
|data_V_data_31_V_dout     |  in |    9|   ap_fifo  |                data_V_data_31_V               |    pointer   |
|data_V_data_31_V_empty_n  |  in |    1|   ap_fifo  |                data_V_data_31_V               |    pointer   |
|data_V_data_31_V_read     | out |    1|   ap_fifo  |                data_V_data_31_V               |    pointer   |
|res_V_data_0_V_din        | out |    8|   ap_fifo  |                 res_V_data_0_V                |    pointer   |
|res_V_data_0_V_full_n     |  in |    1|   ap_fifo  |                 res_V_data_0_V                |    pointer   |
|res_V_data_0_V_write      | out |    1|   ap_fifo  |                 res_V_data_0_V                |    pointer   |
|res_V_data_1_V_din        | out |    8|   ap_fifo  |                 res_V_data_1_V                |    pointer   |
|res_V_data_1_V_full_n     |  in |    1|   ap_fifo  |                 res_V_data_1_V                |    pointer   |
|res_V_data_1_V_write      | out |    1|   ap_fifo  |                 res_V_data_1_V                |    pointer   |
|res_V_data_2_V_din        | out |    8|   ap_fifo  |                 res_V_data_2_V                |    pointer   |
|res_V_data_2_V_full_n     |  in |    1|   ap_fifo  |                 res_V_data_2_V                |    pointer   |
|res_V_data_2_V_write      | out |    1|   ap_fifo  |                 res_V_data_2_V                |    pointer   |
|res_V_data_3_V_din        | out |    8|   ap_fifo  |                 res_V_data_3_V                |    pointer   |
|res_V_data_3_V_full_n     |  in |    1|   ap_fifo  |                 res_V_data_3_V                |    pointer   |
|res_V_data_3_V_write      | out |    1|   ap_fifo  |                 res_V_data_3_V                |    pointer   |
|res_V_data_4_V_din        | out |    8|   ap_fifo  |                 res_V_data_4_V                |    pointer   |
|res_V_data_4_V_full_n     |  in |    1|   ap_fifo  |                 res_V_data_4_V                |    pointer   |
|res_V_data_4_V_write      | out |    1|   ap_fifo  |                 res_V_data_4_V                |    pointer   |
|res_V_data_5_V_din        | out |    8|   ap_fifo  |                 res_V_data_5_V                |    pointer   |
|res_V_data_5_V_full_n     |  in |    1|   ap_fifo  |                 res_V_data_5_V                |    pointer   |
|res_V_data_5_V_write      | out |    1|   ap_fifo  |                 res_V_data_5_V                |    pointer   |
|res_V_data_6_V_din        | out |    8|   ap_fifo  |                 res_V_data_6_V                |    pointer   |
|res_V_data_6_V_full_n     |  in |    1|   ap_fifo  |                 res_V_data_6_V                |    pointer   |
|res_V_data_6_V_write      | out |    1|   ap_fifo  |                 res_V_data_6_V                |    pointer   |
|res_V_data_7_V_din        | out |    8|   ap_fifo  |                 res_V_data_7_V                |    pointer   |
|res_V_data_7_V_full_n     |  in |    1|   ap_fifo  |                 res_V_data_7_V                |    pointer   |
|res_V_data_7_V_write      | out |    1|   ap_fifo  |                 res_V_data_7_V                |    pointer   |
|res_V_data_8_V_din        | out |    8|   ap_fifo  |                 res_V_data_8_V                |    pointer   |
|res_V_data_8_V_full_n     |  in |    1|   ap_fifo  |                 res_V_data_8_V                |    pointer   |
|res_V_data_8_V_write      | out |    1|   ap_fifo  |                 res_V_data_8_V                |    pointer   |
|res_V_data_9_V_din        | out |    8|   ap_fifo  |                 res_V_data_9_V                |    pointer   |
|res_V_data_9_V_full_n     |  in |    1|   ap_fifo  |                 res_V_data_9_V                |    pointer   |
|res_V_data_9_V_write      | out |    1|   ap_fifo  |                 res_V_data_9_V                |    pointer   |
|res_V_data_10_V_din       | out |    8|   ap_fifo  |                res_V_data_10_V                |    pointer   |
|res_V_data_10_V_full_n    |  in |    1|   ap_fifo  |                res_V_data_10_V                |    pointer   |
|res_V_data_10_V_write     | out |    1|   ap_fifo  |                res_V_data_10_V                |    pointer   |
|res_V_data_11_V_din       | out |    8|   ap_fifo  |                res_V_data_11_V                |    pointer   |
|res_V_data_11_V_full_n    |  in |    1|   ap_fifo  |                res_V_data_11_V                |    pointer   |
|res_V_data_11_V_write     | out |    1|   ap_fifo  |                res_V_data_11_V                |    pointer   |
|res_V_data_12_V_din       | out |    8|   ap_fifo  |                res_V_data_12_V                |    pointer   |
|res_V_data_12_V_full_n    |  in |    1|   ap_fifo  |                res_V_data_12_V                |    pointer   |
|res_V_data_12_V_write     | out |    1|   ap_fifo  |                res_V_data_12_V                |    pointer   |
|res_V_data_13_V_din       | out |    8|   ap_fifo  |                res_V_data_13_V                |    pointer   |
|res_V_data_13_V_full_n    |  in |    1|   ap_fifo  |                res_V_data_13_V                |    pointer   |
|res_V_data_13_V_write     | out |    1|   ap_fifo  |                res_V_data_13_V                |    pointer   |
|res_V_data_14_V_din       | out |    8|   ap_fifo  |                res_V_data_14_V                |    pointer   |
|res_V_data_14_V_full_n    |  in |    1|   ap_fifo  |                res_V_data_14_V                |    pointer   |
|res_V_data_14_V_write     | out |    1|   ap_fifo  |                res_V_data_14_V                |    pointer   |
|res_V_data_15_V_din       | out |    8|   ap_fifo  |                res_V_data_15_V                |    pointer   |
|res_V_data_15_V_full_n    |  in |    1|   ap_fifo  |                res_V_data_15_V                |    pointer   |
|res_V_data_15_V_write     | out |    1|   ap_fifo  |                res_V_data_15_V                |    pointer   |
|res_V_data_16_V_din       | out |    8|   ap_fifo  |                res_V_data_16_V                |    pointer   |
|res_V_data_16_V_full_n    |  in |    1|   ap_fifo  |                res_V_data_16_V                |    pointer   |
|res_V_data_16_V_write     | out |    1|   ap_fifo  |                res_V_data_16_V                |    pointer   |
|res_V_data_17_V_din       | out |    8|   ap_fifo  |                res_V_data_17_V                |    pointer   |
|res_V_data_17_V_full_n    |  in |    1|   ap_fifo  |                res_V_data_17_V                |    pointer   |
|res_V_data_17_V_write     | out |    1|   ap_fifo  |                res_V_data_17_V                |    pointer   |
|res_V_data_18_V_din       | out |    8|   ap_fifo  |                res_V_data_18_V                |    pointer   |
|res_V_data_18_V_full_n    |  in |    1|   ap_fifo  |                res_V_data_18_V                |    pointer   |
|res_V_data_18_V_write     | out |    1|   ap_fifo  |                res_V_data_18_V                |    pointer   |
|res_V_data_19_V_din       | out |    8|   ap_fifo  |                res_V_data_19_V                |    pointer   |
|res_V_data_19_V_full_n    |  in |    1|   ap_fifo  |                res_V_data_19_V                |    pointer   |
|res_V_data_19_V_write     | out |    1|   ap_fifo  |                res_V_data_19_V                |    pointer   |
|res_V_data_20_V_din       | out |    8|   ap_fifo  |                res_V_data_20_V                |    pointer   |
|res_V_data_20_V_full_n    |  in |    1|   ap_fifo  |                res_V_data_20_V                |    pointer   |
|res_V_data_20_V_write     | out |    1|   ap_fifo  |                res_V_data_20_V                |    pointer   |
|res_V_data_21_V_din       | out |    8|   ap_fifo  |                res_V_data_21_V                |    pointer   |
|res_V_data_21_V_full_n    |  in |    1|   ap_fifo  |                res_V_data_21_V                |    pointer   |
|res_V_data_21_V_write     | out |    1|   ap_fifo  |                res_V_data_21_V                |    pointer   |
|res_V_data_22_V_din       | out |    8|   ap_fifo  |                res_V_data_22_V                |    pointer   |
|res_V_data_22_V_full_n    |  in |    1|   ap_fifo  |                res_V_data_22_V                |    pointer   |
|res_V_data_22_V_write     | out |    1|   ap_fifo  |                res_V_data_22_V                |    pointer   |
|res_V_data_23_V_din       | out |    8|   ap_fifo  |                res_V_data_23_V                |    pointer   |
|res_V_data_23_V_full_n    |  in |    1|   ap_fifo  |                res_V_data_23_V                |    pointer   |
|res_V_data_23_V_write     | out |    1|   ap_fifo  |                res_V_data_23_V                |    pointer   |
|res_V_data_24_V_din       | out |    8|   ap_fifo  |                res_V_data_24_V                |    pointer   |
|res_V_data_24_V_full_n    |  in |    1|   ap_fifo  |                res_V_data_24_V                |    pointer   |
|res_V_data_24_V_write     | out |    1|   ap_fifo  |                res_V_data_24_V                |    pointer   |
|res_V_data_25_V_din       | out |    8|   ap_fifo  |                res_V_data_25_V                |    pointer   |
|res_V_data_25_V_full_n    |  in |    1|   ap_fifo  |                res_V_data_25_V                |    pointer   |
|res_V_data_25_V_write     | out |    1|   ap_fifo  |                res_V_data_25_V                |    pointer   |
|res_V_data_26_V_din       | out |    8|   ap_fifo  |                res_V_data_26_V                |    pointer   |
|res_V_data_26_V_full_n    |  in |    1|   ap_fifo  |                res_V_data_26_V                |    pointer   |
|res_V_data_26_V_write     | out |    1|   ap_fifo  |                res_V_data_26_V                |    pointer   |
|res_V_data_27_V_din       | out |    8|   ap_fifo  |                res_V_data_27_V                |    pointer   |
|res_V_data_27_V_full_n    |  in |    1|   ap_fifo  |                res_V_data_27_V                |    pointer   |
|res_V_data_27_V_write     | out |    1|   ap_fifo  |                res_V_data_27_V                |    pointer   |
|res_V_data_28_V_din       | out |    8|   ap_fifo  |                res_V_data_28_V                |    pointer   |
|res_V_data_28_V_full_n    |  in |    1|   ap_fifo  |                res_V_data_28_V                |    pointer   |
|res_V_data_28_V_write     | out |    1|   ap_fifo  |                res_V_data_28_V                |    pointer   |
|res_V_data_29_V_din       | out |    8|   ap_fifo  |                res_V_data_29_V                |    pointer   |
|res_V_data_29_V_full_n    |  in |    1|   ap_fifo  |                res_V_data_29_V                |    pointer   |
|res_V_data_29_V_write     | out |    1|   ap_fifo  |                res_V_data_29_V                |    pointer   |
|res_V_data_30_V_din       | out |    8|   ap_fifo  |                res_V_data_30_V                |    pointer   |
|res_V_data_30_V_full_n    |  in |    1|   ap_fifo  |                res_V_data_30_V                |    pointer   |
|res_V_data_30_V_write     | out |    1|   ap_fifo  |                res_V_data_30_V                |    pointer   |
|res_V_data_31_V_din       | out |    8|   ap_fifo  |                res_V_data_31_V                |    pointer   |
|res_V_data_31_V_full_n    |  in |    1|   ap_fifo  |                res_V_data_31_V                |    pointer   |
|res_V_data_31_V_write     | out |    1|   ap_fifo  |                res_V_data_31_V                |    pointer   |
+--------------------------+-----+-----+------------+-----------------------------------------------+--------------+

